Archive member included to satisfy reference by file (symbol)

d:/microsemi/softconsole_v5.3/arm-none-eabi-gcc/bin/../lib/gcc/arm-none-eabi/7.2.1/../../../../arm-none-eabi/lib/thumb/v7-m\libg_nano.a(lib_a-errno.o)
                              ./CMSIS/startup_gcc/newlib_stubs.o (__errno)
d:/microsemi/softconsole_v5.3/arm-none-eabi-gcc/bin/../lib/gcc/arm-none-eabi/7.2.1/../../../../arm-none-eabi/lib/thumb/v7-m\libg_nano.a(lib_a-exit.o)
                              d:/microsemi/softconsole_v5.3/arm-none-eabi-gcc/bin/../lib/gcc/arm-none-eabi/7.2.1/../../../../arm-none-eabi/lib/thumb/v7-m/crt0.o (exit)
d:/microsemi/softconsole_v5.3/arm-none-eabi-gcc/bin/../lib/gcc/arm-none-eabi/7.2.1/../../../../arm-none-eabi/lib/thumb/v7-m\libg_nano.a(lib_a-impure.o)
                              d:/microsemi/softconsole_v5.3/arm-none-eabi-gcc/bin/../lib/gcc/arm-none-eabi/7.2.1/../../../../arm-none-eabi/lib/thumb/v7-m\libg_nano.a(lib_a-exit.o) (_global_impure_ptr)
d:/microsemi/softconsole_v5.3/arm-none-eabi-gcc/bin/../lib/gcc/arm-none-eabi/7.2.1/../../../../arm-none-eabi/lib/thumb/v7-m\libg_nano.a(lib_a-init.o)
                              d:/microsemi/softconsole_v5.3/arm-none-eabi-gcc/bin/../lib/gcc/arm-none-eabi/7.2.1/../../../../arm-none-eabi/lib/thumb/v7-m/crt0.o (__libc_init_array)
d:/microsemi/softconsole_v5.3/arm-none-eabi-gcc/bin/../lib/gcc/arm-none-eabi/7.2.1/../../../../arm-none-eabi/lib/thumb/v7-m\libg_nano.a(lib_a-memcpy-stub.o)
                              ./drivers/mss_sys_services/mss_sys_services.o (memcpy)
d:/microsemi/softconsole_v5.3/arm-none-eabi-gcc/bin/../lib/gcc/arm-none-eabi/7.2.1/../../../../arm-none-eabi/lib/thumb/v7-m\libg_nano.a(lib_a-memset.o)
                              d:/microsemi/softconsole_v5.3/arm-none-eabi-gcc/bin/../lib/gcc/arm-none-eabi/7.2.1/../../../../arm-none-eabi/lib/thumb/v7-m/crt0.o (memset)

Allocating common symbols
Common symbol       size              file

g_mss_uart1         0x40              ./drivers/mss_uart/mss_uart.o
g_mss_uart0         0x40              ./drivers/mss_uart/mss_uart.o

Discarded input sections

 .text          0x0000000000000000        0x0 d:/microsemi/softconsole_v5.3/arm-none-eabi-gcc/bin/../lib/gcc/arm-none-eabi/7.2.1/thumb/v7-m/crti.o
 .data          0x0000000000000000        0x0 d:/microsemi/softconsole_v5.3/arm-none-eabi-gcc/bin/../lib/gcc/arm-none-eabi/7.2.1/thumb/v7-m/crti.o
 .bss           0x0000000000000000        0x0 d:/microsemi/softconsole_v5.3/arm-none-eabi-gcc/bin/../lib/gcc/arm-none-eabi/7.2.1/thumb/v7-m/crti.o
 .text          0x0000000000000000        0x0 d:/microsemi/softconsole_v5.3/arm-none-eabi-gcc/bin/../lib/gcc/arm-none-eabi/7.2.1/thumb/v7-m/crtbegin.o
 .data          0x0000000000000000        0x0 d:/microsemi/softconsole_v5.3/arm-none-eabi-gcc/bin/../lib/gcc/arm-none-eabi/7.2.1/thumb/v7-m/crtbegin.o
 .bss           0x0000000000000000        0x0 d:/microsemi/softconsole_v5.3/arm-none-eabi-gcc/bin/../lib/gcc/arm-none-eabi/7.2.1/thumb/v7-m/crtbegin.o
 .data.__dso_handle
                0x0000000000000000        0x4 d:/microsemi/softconsole_v5.3/arm-none-eabi-gcc/bin/../lib/gcc/arm-none-eabi/7.2.1/thumb/v7-m/crtbegin.o
 .text          0x0000000000000000       0x74 d:/microsemi/softconsole_v5.3/arm-none-eabi-gcc/bin/../lib/gcc/arm-none-eabi/7.2.1/../../../../arm-none-eabi/lib/thumb/v7-m/crt0.o
 .data          0x0000000000000000        0x0 d:/microsemi/softconsole_v5.3/arm-none-eabi-gcc/bin/../lib/gcc/arm-none-eabi/7.2.1/../../../../arm-none-eabi/lib/thumb/v7-m/crt0.o
 .bss           0x0000000000000000        0x0 d:/microsemi/softconsole_v5.3/arm-none-eabi-gcc/bin/../lib/gcc/arm-none-eabi/7.2.1/../../../../arm-none-eabi/lib/thumb/v7-m/crt0.o
 .ARM.extab     0x0000000000000000        0x0 d:/microsemi/softconsole_v5.3/arm-none-eabi-gcc/bin/../lib/gcc/arm-none-eabi/7.2.1/../../../../arm-none-eabi/lib/thumb/v7-m/crt0.o
 .ARM.exidx     0x0000000000000000        0x8 d:/microsemi/softconsole_v5.3/arm-none-eabi-gcc/bin/../lib/gcc/arm-none-eabi/7.2.1/../../../../arm-none-eabi/lib/thumb/v7-m/crt0.o
 .text          0x0000000000000000        0xe ./hal/CortexM3/GNU/hal.o
 .data          0x0000000000000000        0x0 ./hal/CortexM3/GNU/hal.o
 .bss           0x0000000000000000        0x0 ./hal/CortexM3/GNU/hal.o
 .debug_line    0x0000000000000000       0x4d ./hal/CortexM3/GNU/hal.o
 .debug_info    0x0000000000000000       0x26 ./hal/CortexM3/GNU/hal.o
 .debug_abbrev  0x0000000000000000       0x14 ./hal/CortexM3/GNU/hal.o
 .debug_aranges
                0x0000000000000000       0x20 ./hal/CortexM3/GNU/hal.o
 .debug_str     0x0000000000000000       0x5c ./hal/CortexM3/GNU/hal.o
 .text          0x0000000000000000       0x90 ./hal/CortexM3/GNU/hw_reg_access.o
 .data          0x0000000000000000        0x0 ./hal/CortexM3/GNU/hw_reg_access.o
 .bss           0x0000000000000000        0x0 ./hal/CortexM3/GNU/hw_reg_access.o
 .debug_line    0x0000000000000000       0x8b ./hal/CortexM3/GNU/hw_reg_access.o
 .debug_info    0x0000000000000000       0x26 ./hal/CortexM3/GNU/hw_reg_access.o
 .debug_abbrev  0x0000000000000000       0x14 ./hal/CortexM3/GNU/hw_reg_access.o
 .debug_aranges
                0x0000000000000000       0x20 ./hal/CortexM3/GNU/hw_reg_access.o
 .debug_str     0x0000000000000000       0x66 ./hal/CortexM3/GNU/hw_reg_access.o
 .group         0x0000000000000000        0xc ./hal/CortexM3/cortex_nvic.o
 .group         0x0000000000000000        0xc ./hal/CortexM3/cortex_nvic.o
 .group         0x0000000000000000        0xc ./hal/CortexM3/cortex_nvic.o
 .group         0x0000000000000000        0xc ./hal/CortexM3/cortex_nvic.o
 .group         0x0000000000000000        0xc ./hal/CortexM3/cortex_nvic.o
 .group         0x0000000000000000        0xc ./hal/CortexM3/cortex_nvic.o
 .group         0x0000000000000000        0xc ./hal/CortexM3/cortex_nvic.o
 .group         0x0000000000000000        0xc ./hal/CortexM3/cortex_nvic.o
 .group         0x0000000000000000        0xc ./hal/CortexM3/cortex_nvic.o
 .group         0x0000000000000000        0xc ./hal/CortexM3/cortex_nvic.o
 .group         0x0000000000000000        0xc ./hal/CortexM3/cortex_nvic.o
 .group         0x0000000000000000        0xc ./hal/CortexM3/cortex_nvic.o
 .text          0x0000000000000000        0x0 ./hal/CortexM3/cortex_nvic.o
 .data          0x0000000000000000        0x0 ./hal/CortexM3/cortex_nvic.o
 .bss           0x0000000000000000        0x0 ./hal/CortexM3/cortex_nvic.o
 .text.NVIC_init
                0x0000000000000000        0x4 ./hal/CortexM3/cortex_nvic.o
 .text.NVIC_set_handler
                0x0000000000000000        0x4 ./hal/CortexM3/cortex_nvic.o
 .text.NVIC_set_priority
                0x0000000000000000        0x4 ./hal/CortexM3/cortex_nvic.o
 .text.NVIC_enable_interrupt
                0x0000000000000000        0x4 ./hal/CortexM3/cortex_nvic.o
 .text.NVIC_disable_interrupt
                0x0000000000000000        0x4 ./hal/CortexM3/cortex_nvic.o
 .text.NVIC_clear_interrupt
                0x0000000000000000        0x4 ./hal/CortexM3/cortex_nvic.o
 .debug_info    0x0000000000000000      0x17c ./hal/CortexM3/cortex_nvic.o
 .debug_abbrev  0x0000000000000000       0xd5 ./hal/CortexM3/cortex_nvic.o
 .debug_aranges
                0x0000000000000000       0x38 ./hal/CortexM3/cortex_nvic.o
 .debug_ranges  0x0000000000000000       0x28 ./hal/CortexM3/cortex_nvic.o
 .debug_macro   0x0000000000000000       0xb6 ./hal/CortexM3/cortex_nvic.o
 .debug_macro   0x0000000000000000      0xa48 ./hal/CortexM3/cortex_nvic.o
 .debug_macro   0x0000000000000000       0x22 ./hal/CortexM3/cortex_nvic.o
 .debug_macro   0x0000000000000000       0x87 ./hal/CortexM3/cortex_nvic.o
 .debug_macro   0x0000000000000000       0x51 ./hal/CortexM3/cortex_nvic.o
 .debug_macro   0x0000000000000000       0xef ./hal/CortexM3/cortex_nvic.o
 .debug_macro   0x0000000000000000       0x6a ./hal/CortexM3/cortex_nvic.o
 .debug_macro   0x0000000000000000      0x1df ./hal/CortexM3/cortex_nvic.o
 .debug_macro   0x0000000000000000       0x64 ./hal/CortexM3/cortex_nvic.o
 .debug_macro   0x0000000000000000       0x17 ./hal/CortexM3/cortex_nvic.o
 .debug_macro   0x0000000000000000       0x35 ./hal/CortexM3/cortex_nvic.o
 .debug_macro   0x0000000000000000       0x9c ./hal/CortexM3/cortex_nvic.o
 .debug_macro   0x0000000000000000       0x1c ./hal/CortexM3/cortex_nvic.o
 .debug_line    0x0000000000000000      0x29d ./hal/CortexM3/cortex_nvic.o
 .debug_str     0x0000000000000000     0x4206 ./hal/CortexM3/cortex_nvic.o
 .comment       0x0000000000000000       0x73 ./hal/CortexM3/cortex_nvic.o
 .debug_frame   0x0000000000000000       0x70 ./hal/CortexM3/cortex_nvic.o
 .group         0x0000000000000000        0xc ./drivers_config/sys_config/sys_config.o
 .group         0x0000000000000000        0xc ./drivers_config/sys_config/sys_config.o
 .group         0x0000000000000000        0xc ./drivers_config/sys_config/sys_config.o
 .group         0x0000000000000000        0xc ./drivers_config/sys_config/sys_config.o
 .group         0x0000000000000000        0xc ./drivers_config/sys_config/sys_config.o
 .group         0x0000000000000000        0xc ./drivers_config/sys_config/sys_config.o
 .group         0x0000000000000000        0xc ./drivers_config/sys_config/sys_config.o
 .group         0x0000000000000000        0xc ./drivers_config/sys_config/sys_config.o
 .group         0x0000000000000000        0xc ./drivers_config/sys_config/sys_config.o
 .group         0x0000000000000000        0xc ./drivers_config/sys_config/sys_config.o
 .group         0x0000000000000000        0xc ./drivers_config/sys_config/sys_config.o
 .group         0x0000000000000000        0xc ./drivers_config/sys_config/sys_config.o
 .group         0x0000000000000000        0xc ./drivers_config/sys_config/sys_config.o
 .group         0x0000000000000000        0xc ./drivers_config/sys_config/sys_config.o
 .text          0x0000000000000000        0x0 ./drivers_config/sys_config/sys_config.o
 .data          0x0000000000000000        0x0 ./drivers_config/sys_config/sys_config.o
 .bss           0x0000000000000000        0x0 ./drivers_config/sys_config/sys_config.o
 .debug_info    0x0000000000000000       0x8f ./drivers_config/sys_config/sys_config.o
 .debug_abbrev  0x0000000000000000       0x4e ./drivers_config/sys_config/sys_config.o
 .debug_aranges
                0x0000000000000000       0x18 ./drivers_config/sys_config/sys_config.o
 .debug_macro   0x0000000000000000       0xc7 ./drivers_config/sys_config/sys_config.o
 .debug_macro   0x0000000000000000      0xa48 ./drivers_config/sys_config/sys_config.o
 .debug_macro   0x0000000000000000       0x26 ./drivers_config/sys_config/sys_config.o
 .debug_macro   0x0000000000000000       0x22 ./drivers_config/sys_config/sys_config.o
 .debug_macro   0x0000000000000000       0x87 ./drivers_config/sys_config/sys_config.o
 .debug_macro   0x0000000000000000       0x51 ./drivers_config/sys_config/sys_config.o
 .debug_macro   0x0000000000000000       0xef ./drivers_config/sys_config/sys_config.o
 .debug_macro   0x0000000000000000       0x6a ./drivers_config/sys_config/sys_config.o
 .debug_macro   0x0000000000000000      0x1df ./drivers_config/sys_config/sys_config.o
 .debug_macro   0x0000000000000000       0x34 ./drivers_config/sys_config/sys_config.o
 .debug_macro   0x0000000000000000       0x34 ./drivers_config/sys_config/sys_config.o
 .debug_macro   0x0000000000000000      0xca6 ./drivers_config/sys_config/sys_config.o
 .debug_macro   0x0000000000000000      0x265 ./drivers_config/sys_config/sys_config.o
 .debug_macro   0x0000000000000000       0x3a ./drivers_config/sys_config/sys_config.o
 .debug_macro   0x0000000000000000       0x34 ./drivers_config/sys_config/sys_config.o
 .debug_line    0x0000000000000000      0x2ce ./drivers_config/sys_config/sys_config.o
 .debug_str     0x0000000000000000     0x9417 ./drivers_config/sys_config/sys_config.o
 .comment       0x0000000000000000       0x73 ./drivers_config/sys_config/sys_config.o
 .group         0x0000000000000000        0xc ./drivers/mss_uart/mss_uart.o
 .group         0x0000000000000000        0xc ./drivers/mss_uart/mss_uart.o
 .group         0x0000000000000000        0xc ./drivers/mss_uart/mss_uart.o
 .group         0x0000000000000000        0xc ./drivers/mss_uart/mss_uart.o
 .group         0x0000000000000000        0xc ./drivers/mss_uart/mss_uart.o
 .group         0x0000000000000000        0xc ./drivers/mss_uart/mss_uart.o
 .group         0x0000000000000000        0xc ./drivers/mss_uart/mss_uart.o
 .group         0x0000000000000000        0xc ./drivers/mss_uart/mss_uart.o
 .group         0x0000000000000000        0xc ./drivers/mss_uart/mss_uart.o
 .group         0x0000000000000000        0xc ./drivers/mss_uart/mss_uart.o
 .group         0x0000000000000000        0xc ./drivers/mss_uart/mss_uart.o
 .group         0x0000000000000000        0xc ./drivers/mss_uart/mss_uart.o
 .group         0x0000000000000000        0xc ./drivers/mss_uart/mss_uart.o
 .group         0x0000000000000000        0xc ./drivers/mss_uart/mss_uart.o
 .group         0x0000000000000000        0xc ./drivers/mss_uart/mss_uart.o
 .group         0x0000000000000000        0xc ./drivers/mss_uart/mss_uart.o
 .group         0x0000000000000000        0xc ./drivers/mss_uart/mss_uart.o
 .group         0x0000000000000000        0xc ./drivers/mss_uart/mss_uart.o
 .group         0x0000000000000000        0xc ./drivers/mss_uart/mss_uart.o
 .group         0x0000000000000000        0xc ./drivers/mss_uart/mss_uart.o
 .group         0x0000000000000000        0xc ./drivers/mss_uart/mss_uart.o
 .text          0x0000000000000000        0x0 ./drivers/mss_uart/mss_uart.o
 .data          0x0000000000000000        0x0 ./drivers/mss_uart/mss_uart.o
 .bss           0x0000000000000000        0x0 ./drivers/mss_uart/mss_uart.o
 .text.NVIC_EnableIRQ
                0x0000000000000000       0x18 ./drivers/mss_uart/mss_uart.o
 .text.NVIC_ClearPendingIRQ
                0x0000000000000000       0x1c ./drivers/mss_uart/mss_uart.o
 .text.MSS_UART_lin_init
                0x0000000000000000       0x44 ./drivers/mss_uart/mss_uart.o
 .text.MSS_UART_irda_init
                0x0000000000000000       0x84 ./drivers/mss_uart/mss_uart.o
 .text.MSS_UART_smartcard_init
                0x0000000000000000       0x5c ./drivers/mss_uart/mss_uart.o
 .text.MSS_UART_irq_tx
                0x0000000000000000       0x60 ./drivers/mss_uart/mss_uart.o
 .text.MSS_UART_tx_complete
                0x0000000000000000       0x34 ./drivers/mss_uart/mss_uart.o
 .text.MSS_UART_get_rx
                0x0000000000000000       0x68 ./drivers/mss_uart/mss_uart.o
 .text.MSS_UART_enable_irq
                0x0000000000000000       0x64 ./drivers/mss_uart/mss_uart.o
 .text.MSS_UART_disable_irq
                0x0000000000000000       0x64 ./drivers/mss_uart/mss_uart.o
 .text.MSS_UART_set_rx_handler
                0x0000000000000000       0x64 ./drivers/mss_uart/mss_uart.o
 .text.MSS_UART_set_loopback
                0x0000000000000000       0x70 ./drivers/mss_uart/mss_uart.o
 .text.MSS_UART_set_rxstatus_handler
                0x0000000000000000       0x4c ./drivers/mss_uart/mss_uart.o
 .text.MSS_UART_set_tx_handler
                0x0000000000000000       0x50 ./drivers/mss_uart/mss_uart.o
 .text.MSS_UART_set_modemstatus_handler
                0x0000000000000000       0x4c ./drivers/mss_uart/mss_uart.o
 .text.MSS_UART_fill_tx_fifo
                0x0000000000000000       0x58 ./drivers/mss_uart/mss_uart.o
 .text.MSS_UART_get_rx_status
                0x0000000000000000       0x30 ./drivers/mss_uart/mss_uart.o
 .text.MSS_UART_get_modem_status
                0x0000000000000000       0x24 ./drivers/mss_uart/mss_uart.o
 .text.MSS_UART_get_tx_status
                0x0000000000000000       0x2c ./drivers/mss_uart/mss_uart.o
 .text.MSS_UART_set_break
                0x0000000000000000       0x24 ./drivers/mss_uart/mss_uart.o
 .text.MSS_UART_clear_break
                0x0000000000000000       0x24 ./drivers/mss_uart/mss_uart.o
 .text.MSS_UART_set_pidpei_handler
                0x0000000000000000       0x4c ./drivers/mss_uart/mss_uart.o
 .text.MSS_UART_set_linbreak_handler
                0x0000000000000000       0x4c ./drivers/mss_uart/mss_uart.o
 .text.MSS_UART_set_linsync_handler
                0x0000000000000000       0x4c ./drivers/mss_uart/mss_uart.o
 .text.MSS_UART_set_nack_handler
                0x0000000000000000       0x4c ./drivers/mss_uart/mss_uart.o
 .text.MSS_UART_set_rx_timeout_handler
                0x0000000000000000       0x4c ./drivers/mss_uart/mss_uart.o
 .text.MSS_UART_enable_half_duplex
                0x0000000000000000       0x24 ./drivers/mss_uart/mss_uart.o
 .text.MSS_UART_disable_half_duplex
                0x0000000000000000       0x24 ./drivers/mss_uart/mss_uart.o
 .text.MSS_UART_set_rx_endian
                0x0000000000000000       0x3c ./drivers/mss_uart/mss_uart.o
 .text.MSS_UART_set_tx_endian
                0x0000000000000000       0x3c ./drivers/mss_uart/mss_uart.o
 .text.MSS_UART_set_filter_length
                0x0000000000000000       0x30 ./drivers/mss_uart/mss_uart.o
 .text.MSS_UART_enable_afm
                0x0000000000000000       0x24 ./drivers/mss_uart/mss_uart.o
 .text.MSS_UART_disable_afm
                0x0000000000000000       0x24 ./drivers/mss_uart/mss_uart.o
 .text.MSS_UART_enable_afclear
                0x0000000000000000       0x24 ./drivers/mss_uart/mss_uart.o
 .text.MSS_UART_disable_afclear
                0x0000000000000000       0x24 ./drivers/mss_uart/mss_uart.o
 .text.MSS_UART_enable_rx_timeout
                0x0000000000000000       0x28 ./drivers/mss_uart/mss_uart.o
 .text.MSS_UART_disable_rx_timeout
                0x0000000000000000       0x24 ./drivers/mss_uart/mss_uart.o
 .text.MSS_UART_enable_tx_time_guard
                0x0000000000000000       0x28 ./drivers/mss_uart/mss_uart.o
 .text.MSS_UART_disable_tx_time_guard
                0x0000000000000000       0x24 ./drivers/mss_uart/mss_uart.o
 .text.MSS_UART_set_address
                0x0000000000000000       0x20 ./drivers/mss_uart/mss_uart.o
 .text.MSS_UART_set_ready_mode
                0x0000000000000000       0x3c ./drivers/mss_uart/mss_uart.o
 .text.MSS_UART_set_usart_mode
                0x0000000000000000       0x44 ./drivers/mss_uart/mss_uart.o
 .debug_macro   0x0000000000000000      0xa48 ./drivers/mss_uart/mss_uart.o
 .debug_macro   0x0000000000000000       0x26 ./drivers/mss_uart/mss_uart.o
 .debug_macro   0x0000000000000000       0x22 ./drivers/mss_uart/mss_uart.o
 .debug_macro   0x0000000000000000       0x87 ./drivers/mss_uart/mss_uart.o
 .debug_macro   0x0000000000000000       0x51 ./drivers/mss_uart/mss_uart.o
 .debug_macro   0x0000000000000000       0xef ./drivers/mss_uart/mss_uart.o
 .debug_macro   0x0000000000000000       0x6a ./drivers/mss_uart/mss_uart.o
 .debug_macro   0x0000000000000000      0x1df ./drivers/mss_uart/mss_uart.o
 .debug_macro   0x0000000000000000       0x34 ./drivers/mss_uart/mss_uart.o
 .debug_macro   0x0000000000000000       0x34 ./drivers/mss_uart/mss_uart.o
 .debug_macro   0x0000000000000000      0xca6 ./drivers/mss_uart/mss_uart.o
 .debug_macro   0x0000000000000000      0x265 ./drivers/mss_uart/mss_uart.o
 .debug_macro   0x0000000000000000       0x64 ./drivers/mss_uart/mss_uart.o
 .debug_macro   0x0000000000000000       0x17 ./drivers/mss_uart/mss_uart.o
 .debug_macro   0x0000000000000000       0x35 ./drivers/mss_uart/mss_uart.o
 .debug_macro   0x0000000000000000       0x9c ./drivers/mss_uart/mss_uart.o
 .debug_macro   0x0000000000000000       0x1c ./drivers/mss_uart/mss_uart.o
 .group         0x0000000000000000        0xc ./drivers/mss_sys_services/mss_comblk.o
 .group         0x0000000000000000        0xc ./drivers/mss_sys_services/mss_comblk.o
 .group         0x0000000000000000        0xc ./drivers/mss_sys_services/mss_comblk.o
 .group         0x0000000000000000        0xc ./drivers/mss_sys_services/mss_comblk.o
 .group         0x0000000000000000        0xc ./drivers/mss_sys_services/mss_comblk.o
 .group         0x0000000000000000        0xc ./drivers/mss_sys_services/mss_comblk.o
 .group         0x0000000000000000        0xc ./drivers/mss_sys_services/mss_comblk.o
 .group         0x0000000000000000        0xc ./drivers/mss_sys_services/mss_comblk.o
 .group         0x0000000000000000        0xc ./drivers/mss_sys_services/mss_comblk.o
 .group         0x0000000000000000        0xc ./drivers/mss_sys_services/mss_comblk.o
 .group         0x0000000000000000        0xc ./drivers/mss_sys_services/mss_comblk.o
 .group         0x0000000000000000        0xc ./drivers/mss_sys_services/mss_comblk.o
 .group         0x0000000000000000        0xc ./drivers/mss_sys_services/mss_comblk.o
 .group         0x0000000000000000        0xc ./drivers/mss_sys_services/mss_comblk.o
 .group         0x0000000000000000        0xc ./drivers/mss_sys_services/mss_comblk.o
 .group         0x0000000000000000        0xc ./drivers/mss_sys_services/mss_comblk.o
 .group         0x0000000000000000        0xc ./drivers/mss_sys_services/mss_comblk.o
 .text          0x0000000000000000        0x0 ./drivers/mss_sys_services/mss_comblk.o
 .data          0x0000000000000000        0x0 ./drivers/mss_sys_services/mss_comblk.o
 .bss           0x0000000000000000        0x0 ./drivers/mss_sys_services/mss_comblk.o
 .text.send_cmd_opcode
                0x0000000000000000       0x18 ./drivers/mss_sys_services/mss_comblk.o
 .text.MSS_COMBLK_init
                0x0000000000000000       0xa4 ./drivers/mss_sys_services/mss_comblk.o
 .text.MSS_COMBLK_send_cmd_with_ptr
                0x0000000000000000       0xd0 ./drivers/mss_sys_services/mss_comblk.o
 .text.MSS_COMBLK_send_cmd
                0x0000000000000000      0x104 ./drivers/mss_sys_services/mss_comblk.o
 .text.MSS_COMBLK_send_paged_cmd
                0x0000000000000000       0xe8 ./drivers/mss_sys_services/mss_comblk.o
 .debug_macro   0x0000000000000000      0xa48 ./drivers/mss_sys_services/mss_comblk.o
 .debug_macro   0x0000000000000000       0x26 ./drivers/mss_sys_services/mss_comblk.o
 .debug_macro   0x0000000000000000       0x22 ./drivers/mss_sys_services/mss_comblk.o
 .debug_macro   0x0000000000000000       0x87 ./drivers/mss_sys_services/mss_comblk.o
 .debug_macro   0x0000000000000000       0x51 ./drivers/mss_sys_services/mss_comblk.o
 .debug_macro   0x0000000000000000       0xef ./drivers/mss_sys_services/mss_comblk.o
 .debug_macro   0x0000000000000000       0x6a ./drivers/mss_sys_services/mss_comblk.o
 .debug_macro   0x0000000000000000      0x1df ./drivers/mss_sys_services/mss_comblk.o
 .debug_macro   0x0000000000000000       0x34 ./drivers/mss_sys_services/mss_comblk.o
 .debug_macro   0x0000000000000000       0x34 ./drivers/mss_sys_services/mss_comblk.o
 .debug_macro   0x0000000000000000      0xca6 ./drivers/mss_sys_services/mss_comblk.o
 .debug_macro   0x0000000000000000      0x265 ./drivers/mss_sys_services/mss_comblk.o
 .debug_macro   0x0000000000000000       0x64 ./drivers/mss_sys_services/mss_comblk.o
 .debug_macro   0x0000000000000000       0x17 ./drivers/mss_sys_services/mss_comblk.o
 .debug_macro   0x0000000000000000       0x35 ./drivers/mss_sys_services/mss_comblk.o
 .debug_macro   0x0000000000000000       0x9c ./drivers/mss_sys_services/mss_comblk.o
 .debug_macro   0x0000000000000000       0x1c ./drivers/mss_sys_services/mss_comblk.o
 .group         0x0000000000000000        0xc ./drivers/mss_sys_services/mss_sys_services.o
 .group         0x0000000000000000        0xc ./drivers/mss_sys_services/mss_sys_services.o
 .group         0x0000000000000000        0xc ./drivers/mss_sys_services/mss_sys_services.o
 .group         0x0000000000000000        0xc ./drivers/mss_sys_services/mss_sys_services.o
 .group         0x0000000000000000        0xc ./drivers/mss_sys_services/mss_sys_services.o
 .group         0x0000000000000000        0xc ./drivers/mss_sys_services/mss_sys_services.o
 .group         0x0000000000000000        0xc ./drivers/mss_sys_services/mss_sys_services.o
 .group         0x0000000000000000        0xc ./drivers/mss_sys_services/mss_sys_services.o
 .group         0x0000000000000000        0xc ./drivers/mss_sys_services/mss_sys_services.o
 .group         0x0000000000000000        0xc ./drivers/mss_sys_services/mss_sys_services.o
 .group         0x0000000000000000        0xc ./drivers/mss_sys_services/mss_sys_services.o
 .group         0x0000000000000000        0xc ./drivers/mss_sys_services/mss_sys_services.o
 .group         0x0000000000000000        0xc ./drivers/mss_sys_services/mss_sys_services.o
 .group         0x0000000000000000        0xc ./drivers/mss_sys_services/mss_sys_services.o
 .group         0x0000000000000000        0xc ./drivers/mss_sys_services/mss_sys_services.o
 .group         0x0000000000000000        0xc ./drivers/mss_sys_services/mss_sys_services.o
 .group         0x0000000000000000        0xc ./drivers/mss_sys_services/mss_sys_services.o
 .group         0x0000000000000000        0xc ./drivers/mss_sys_services/mss_sys_services.o
 .group         0x0000000000000000        0xc ./drivers/mss_sys_services/mss_sys_services.o
 .group         0x0000000000000000        0xc ./drivers/mss_sys_services/mss_sys_services.o
 .group         0x0000000000000000        0xc ./drivers/mss_sys_services/mss_sys_services.o
 .group         0x0000000000000000        0xc ./drivers/mss_sys_services/mss_sys_services.o
 .group         0x0000000000000000        0xc ./drivers/mss_sys_services/mss_sys_services.o
 .group         0x0000000000000000        0xc ./drivers/mss_sys_services/mss_sys_services.o
 .group         0x0000000000000000        0xc ./drivers/mss_sys_services/mss_sys_services.o
 .group         0x0000000000000000        0xc ./drivers/mss_sys_services/mss_sys_services.o
 .group         0x0000000000000000        0xc ./drivers/mss_sys_services/mss_sys_services.o
 .text          0x0000000000000000        0x0 ./drivers/mss_sys_services/mss_sys_services.o
 .data          0x0000000000000000        0x0 ./drivers/mss_sys_services/mss_sys_services.o
 .bss           0x0000000000000000        0x0 ./drivers/mss_sys_services/mss_sys_services.o
 .text.determine_seq
                0x0000000000000000       0x60 ./drivers/mss_sys_services/mss_sys_services.o
 .text.clk_switching_fix
                0x0000000000000000      0x170 ./drivers/mss_sys_services/mss_sys_services.o
 .text.isp_page_read_handler
                0x0000000000000000       0x54 ./drivers/mss_sys_services/mss_sys_services.o
 .text.isp_sys_completion_handler
                0x0000000000000000       0x38 ./drivers/mss_sys_services/mss_sys_services.o
 .text.request_completion_handler
                0x0000000000000000       0x14 ./drivers/mss_sys_services/mss_sys_services.o
 .text.signal_request_start
                0x0000000000000000       0x20 ./drivers/mss_sys_services/mss_sys_services.o
 .text.wait_for_request_completion
                0x0000000000000000       0x18 ./drivers/mss_sys_services/mss_sys_services.o
 .text.write_ptr_value_into_array
                0x0000000000000000       0x12 ./drivers/mss_sys_services/mss_sys_services.o
 .text.execute_service
                0x0000000000000000       0x3c ./drivers/mss_sys_services/mss_sys_services.o
 .text.asynchronous_event_handler
                0x0000000000000000      0x188 ./drivers/mss_sys_services/mss_sys_services.o
 .text.MSS_SYS_init
                0x0000000000000000       0x3c ./drivers/mss_sys_services/mss_sys_services.o
 .text.MSS_SYS_get_serial_number
                0x0000000000000000       0x14 ./drivers/mss_sys_services/mss_sys_services.o
 .text.MSS_SYS_get_user_code
                0x0000000000000000       0x14 ./drivers/mss_sys_services/mss_sys_services.o
 .text.MSS_SYS_get_design_version
                0x0000000000000000       0x14 ./drivers/mss_sys_services/mss_sys_services.o
 .text.MSS_SYS_get_device_certificate
                0x0000000000000000       0x14 ./drivers/mss_sys_services/mss_sys_services.o
 .text.MSS_SYS_get_secondary_device_certificate
                0x0000000000000000       0x5c ./drivers/mss_sys_services/mss_sys_services.o
 .text.MSS_SYS_flash_freeze
                0x0000000000000000       0x90 ./drivers/mss_sys_services/mss_sys_services.o
 .text.MSS_SYS_128bit_aes
                0x0000000000000000       0x6c ./drivers/mss_sys_services/mss_sys_services.o
 .text.MSS_SYS_256bit_aes
                0x0000000000000000       0x6c ./drivers/mss_sys_services/mss_sys_services.o
 .text.MSS_SYS_sha256
                0x0000000000000000       0x40 ./drivers/mss_sys_services/mss_sys_services.o
 .text.MSS_SYS_hmac
                0x0000000000000000       0x5a ./drivers/mss_sys_services/mss_sys_services.o
 .text.MSS_SYS_key_tree
                0x0000000000000000       0x66 ./drivers/mss_sys_services/mss_sys_services.o
 .text.MSS_SYS_challenge_response
                0x0000000000000000       0x44 ./drivers/mss_sys_services/mss_sys_services.o
 .text.MSS_SYS_nrbg_reset
                0x0000000000000000       0x48 ./drivers/mss_sys_services/mss_sys_services.o
 .text.MSS_SYS_nrbg_self_test
                0x0000000000000000       0x48 ./drivers/mss_sys_services/mss_sys_services.o
 .text.MSS_SYS_nrbg_instantiate
                0x0000000000000000       0x38 ./drivers/mss_sys_services/mss_sys_services.o
 .text.MSS_SYS_nrbg_generate
                0x0000000000000000       0x44 ./drivers/mss_sys_services/mss_sys_services.o
 .text.MSS_SYS_nrbg_reseed
                0x0000000000000000       0x28 ./drivers/mss_sys_services/mss_sys_services.o
 .text.MSS_SYS_nrbg_uninstantiate
                0x0000000000000000       0x4c ./drivers/mss_sys_services/mss_sys_services.o
 .text.MSS_SYS_zeroize_device
                0x0000000000000000       0x70 ./drivers/mss_sys_services/mss_sys_services.o
 .text.MSS_SYS_check_digest
                0x0000000000000000       0xa0 ./drivers/mss_sys_services/mss_sys_services.o
 .text.MSS_SYS_start_isp
                0x0000000000000000       0xbc ./drivers/mss_sys_services/mss_sys_services.o
 .text.MSS_SYS_initiate_iap
                0x0000000000000000       0xd8 ./drivers/mss_sys_services/mss_sys_services.o
 .text.MSS_SYS_puf_get_number_of_keys
                0x0000000000000000       0x78 ./drivers/mss_sys_services/mss_sys_services.o
 .text.MSS_SYS_puf_create_activation_code
                0x0000000000000000       0x74 ./drivers/mss_sys_services/mss_sys_services.o
 .text.MSS_SYS_puf_delete_activation_code
                0x0000000000000000       0x74 ./drivers/mss_sys_services/mss_sys_services.o
 .text.MSS_SYS_puf_enroll_key
                0x0000000000000000       0x9c ./drivers/mss_sys_services/mss_sys_services.o
 .text.MSS_SYS_puf_delete_key
                0x0000000000000000       0x78 ./drivers/mss_sys_services/mss_sys_services.o
 .text.MSS_SYS_puf_fetch_key
                0x0000000000000000       0x84 ./drivers/mss_sys_services/mss_sys_services.o
 .text.MSS_SYS_puf_export_keycodes
                0x0000000000000000       0x68 ./drivers/mss_sys_services/mss_sys_services.o
 .text.MSS_SYS_puf_import_keycodes
                0x0000000000000000       0x68 ./drivers/mss_sys_services/mss_sys_services.o
 .text.MSS_SYS_puf_fetch_ecc_public_key
                0x0000000000000000       0x64 ./drivers/mss_sys_services/mss_sys_services.o
 .text.MSS_SYS_puf_get_random_seed
                0x0000000000000000       0x64 ./drivers/mss_sys_services/mss_sys_services.o
 .text.MSS_SYS_ecc_point_multiplication
                0x0000000000000000       0x7c ./drivers/mss_sys_services/mss_sys_services.o
 .text.MSS_SYS_ecc_point_addition
                0x0000000000000000       0x7c ./drivers/mss_sys_services/mss_sys_services.o
 .text.MSS_SYS_ecc_get_base_point
                0x0000000000000000       0x24 ./drivers/mss_sys_services/mss_sys_services.o
 .text.MSS_SYS_start_clock_monitor
                0x0000000000000000       0x8c ./drivers/mss_sys_services/mss_sys_services.o
 .text.MSS_SYS_stop_clock_monitor
                0x0000000000000000       0x8c ./drivers/mss_sys_services/mss_sys_services.o
 .text.MSS_SYS_enable_puf_power_down
                0x0000000000000000       0x8c ./drivers/mss_sys_services/mss_sys_services.o
 .text.MSS_SYS_disable_puf_power_down
                0x0000000000000000       0x8c ./drivers/mss_sys_services/mss_sys_services.o
 .text.MSS_SYS_clear_lock_parity
                0x0000000000000000       0x8c ./drivers/mss_sys_services/mss_sys_services.o
 .text.MSS_SYS_clear_mesh_short
                0x0000000000000000       0x8c ./drivers/mss_sys_services/mss_sys_services.o
 .rodata        0x0000000000000000       0x60 ./drivers/mss_sys_services/mss_sys_services.o
 .bss.divisor   0x0000000000000000       0x10 ./drivers/mss_sys_services/mss_sys_services.o
 .bss.g_event_handler
                0x0000000000000000        0x4 ./drivers/mss_sys_services/mss_sys_services.o
 .bss.g_initial_mssddr_facc1_cr
                0x0000000000000000        0x4 ./drivers/mss_sys_services/mss_sys_services.o
 .bss.g_initial_mssddr_facc2_cr
                0x0000000000000000        0x4 ./drivers/mss_sys_services/mss_sys_services.o
 .bss.g_isp_completion_handler
                0x0000000000000000        0x4 ./drivers/mss_sys_services/mss_sys_services.o
 .bss.g_isp_page_read_handler
                0x0000000000000000        0x4 ./drivers/mss_sys_services/mss_sys_services.o
 .bss.g_isp_response
                0x0000000000000000        0x2 ./drivers/mss_sys_services/mss_sys_services.o
 .bss.g_last_response_length
                0x0000000000000000        0x2 ./drivers/mss_sys_services/mss_sys_services.o
 .bss.g_mode    0x0000000000000000        0x1 ./drivers/mss_sys_services/mss_sys_services.o
 .bss.g_request_in_progress
                0x0000000000000000        0x1 ./drivers/mss_sys_services/mss_sys_services.o
 .bss.g_response
                0x0000000000000000        0x2 ./drivers/mss_sys_services/mss_sys_services.o
 .bss.ind       0x0000000000000000        0x1 ./drivers/mss_sys_services/mss_sys_services.o
 .data.div16_seq
                0x0000000000000000        0x2 ./drivers/mss_sys_services/mss_sys_services.o
 .data.div1_seq
                0x0000000000000000        0x4 ./drivers/mss_sys_services/mss_sys_services.o
 .data.div2_seq
                0x0000000000000000        0x3 ./drivers/mss_sys_services/mss_sys_services.o
 .data.div32_seq
                0x0000000000000000        0x2 ./drivers/mss_sys_services/mss_sys_services.o
 .data.div4_seq
                0x0000000000000000        0x5 ./drivers/mss_sys_services/mss_sys_services.o
 .data.div8_seq
                0x0000000000000000        0x3 ./drivers/mss_sys_services/mss_sys_services.o
 .data.g_initial_envm_cr
                0x0000000000000000        0x4 ./drivers/mss_sys_services/mss_sys_services.o
 .data.wait_for_clock_switch
                0x0000000000000000        0x1 ./drivers/mss_sys_services/mss_sys_services.o
 .debug_info    0x0000000000000000     0x3367 ./drivers/mss_sys_services/mss_sys_services.o
 .debug_abbrev  0x0000000000000000      0x475 ./drivers/mss_sys_services/mss_sys_services.o
 .debug_loc     0x0000000000000000     0x15a4 ./drivers/mss_sys_services/mss_sys_services.o
 .debug_aranges
                0x0000000000000000      0x1b8 ./drivers/mss_sys_services/mss_sys_services.o
 .debug_ranges  0x0000000000000000      0x1d8 ./drivers/mss_sys_services/mss_sys_services.o
 .debug_macro   0x0000000000000000      0x3f4 ./drivers/mss_sys_services/mss_sys_services.o
 .debug_macro   0x0000000000000000      0xa48 ./drivers/mss_sys_services/mss_sys_services.o
 .debug_macro   0x0000000000000000       0x26 ./drivers/mss_sys_services/mss_sys_services.o
 .debug_macro   0x0000000000000000       0x22 ./drivers/mss_sys_services/mss_sys_services.o
 .debug_macro   0x0000000000000000       0x87 ./drivers/mss_sys_services/mss_sys_services.o
 .debug_macro   0x0000000000000000       0x51 ./drivers/mss_sys_services/mss_sys_services.o
 .debug_macro   0x0000000000000000       0xef ./drivers/mss_sys_services/mss_sys_services.o
 .debug_macro   0x0000000000000000       0x6a ./drivers/mss_sys_services/mss_sys_services.o
 .debug_macro   0x0000000000000000      0x1df ./drivers/mss_sys_services/mss_sys_services.o
 .debug_macro   0x0000000000000000       0x34 ./drivers/mss_sys_services/mss_sys_services.o
 .debug_macro   0x0000000000000000       0x34 ./drivers/mss_sys_services/mss_sys_services.o
 .debug_macro   0x0000000000000000      0xca6 ./drivers/mss_sys_services/mss_sys_services.o
 .debug_macro   0x0000000000000000      0x265 ./drivers/mss_sys_services/mss_sys_services.o
 .debug_macro   0x0000000000000000      0x2f8 ./drivers/mss_sys_services/mss_sys_services.o
 .debug_macro   0x0000000000000000       0x64 ./drivers/mss_sys_services/mss_sys_services.o
 .debug_macro   0x0000000000000000       0x17 ./drivers/mss_sys_services/mss_sys_services.o
 .debug_macro   0x0000000000000000       0x35 ./drivers/mss_sys_services/mss_sys_services.o
 .debug_macro   0x0000000000000000       0x9c ./drivers/mss_sys_services/mss_sys_services.o
 .debug_macro   0x0000000000000000       0x1c ./drivers/mss_sys_services/mss_sys_services.o
 .debug_macro   0x0000000000000000      0x174 ./drivers/mss_sys_services/mss_sys_services.o
 .debug_macro   0x0000000000000000       0x58 ./drivers/mss_sys_services/mss_sys_services.o
 .debug_macro   0x0000000000000000       0x1f ./drivers/mss_sys_services/mss_sys_services.o
 .debug_macro   0x0000000000000000       0x43 ./drivers/mss_sys_services/mss_sys_services.o
 .debug_macro   0x0000000000000000       0x20 ./drivers/mss_sys_services/mss_sys_services.o
 .debug_macro   0x0000000000000000      0x18e ./drivers/mss_sys_services/mss_sys_services.o
 .debug_macro   0x0000000000000000      0x330 ./drivers/mss_sys_services/mss_sys_services.o
 .debug_macro   0x0000000000000000       0x10 ./drivers/mss_sys_services/mss_sys_services.o
 .debug_macro   0x0000000000000000       0x35 ./drivers/mss_sys_services/mss_sys_services.o
 .debug_line    0x0000000000000000      0xe24 ./drivers/mss_sys_services/mss_sys_services.o
 .debug_str     0x0000000000000000     0xf09f ./drivers/mss_sys_services/mss_sys_services.o
 .comment       0x0000000000000000       0x73 ./drivers/mss_sys_services/mss_sys_services.o
 .debug_frame   0x0000000000000000      0x5e4 ./drivers/mss_sys_services/mss_sys_services.o
 .group         0x0000000000000000        0xc ./drivers/mss_gpio/mss_gpio.o
 .group         0x0000000000000000        0xc ./drivers/mss_gpio/mss_gpio.o
 .group         0x0000000000000000        0xc ./drivers/mss_gpio/mss_gpio.o
 .group         0x0000000000000000        0xc ./drivers/mss_gpio/mss_gpio.o
 .group         0x0000000000000000        0xc ./drivers/mss_gpio/mss_gpio.o
 .group         0x0000000000000000        0xc ./drivers/mss_gpio/mss_gpio.o
 .group         0x0000000000000000        0xc ./drivers/mss_gpio/mss_gpio.o
 .group         0x0000000000000000        0xc ./drivers/mss_gpio/mss_gpio.o
 .group         0x0000000000000000        0xc ./drivers/mss_gpio/mss_gpio.o
 .group         0x0000000000000000        0xc ./drivers/mss_gpio/mss_gpio.o
 .group         0x0000000000000000        0xc ./drivers/mss_gpio/mss_gpio.o
 .group         0x0000000000000000        0xc ./drivers/mss_gpio/mss_gpio.o
 .group         0x0000000000000000        0xc ./drivers/mss_gpio/mss_gpio.o
 .group         0x0000000000000000        0xc ./drivers/mss_gpio/mss_gpio.o
 .group         0x0000000000000000        0xc ./drivers/mss_gpio/mss_gpio.o
 .group         0x0000000000000000        0xc ./drivers/mss_gpio/mss_gpio.o
 .group         0x0000000000000000        0xc ./drivers/mss_gpio/mss_gpio.o
 .group         0x0000000000000000        0xc ./drivers/mss_gpio/mss_gpio.o
 .text          0x0000000000000000        0x0 ./drivers/mss_gpio/mss_gpio.o
 .data          0x0000000000000000        0x0 ./drivers/mss_gpio/mss_gpio.o
 .bss           0x0000000000000000        0x0 ./drivers/mss_gpio/mss_gpio.o
 .text.MSS_GPIO_set_output
                0x0000000000000000       0x2c ./drivers/mss_gpio/mss_gpio.o
 .text.MSS_GPIO_drive_inout
                0x0000000000000000       0x5c ./drivers/mss_gpio/mss_gpio.o
 .text.MSS_GPIO_enable_irq
                0x0000000000000000       0x3c ./drivers/mss_gpio/mss_gpio.o
 .text.MSS_GPIO_disable_irq
                0x0000000000000000       0x1c ./drivers/mss_gpio/mss_gpio.o
 .text.MSS_GPIO_clear_irq
                0x0000000000000000       0x20 ./drivers/mss_gpio/mss_gpio.o
 .debug_macro   0x0000000000000000      0xa48 ./drivers/mss_gpio/mss_gpio.o
 .debug_macro   0x0000000000000000       0x26 ./drivers/mss_gpio/mss_gpio.o
 .debug_macro   0x0000000000000000       0x22 ./drivers/mss_gpio/mss_gpio.o
 .debug_macro   0x0000000000000000       0x87 ./drivers/mss_gpio/mss_gpio.o
 .debug_macro   0x0000000000000000       0x51 ./drivers/mss_gpio/mss_gpio.o
 .debug_macro   0x0000000000000000       0xef ./drivers/mss_gpio/mss_gpio.o
 .debug_macro   0x0000000000000000       0x6a ./drivers/mss_gpio/mss_gpio.o
 .debug_macro   0x0000000000000000      0x1df ./drivers/mss_gpio/mss_gpio.o
 .debug_macro   0x0000000000000000       0x34 ./drivers/mss_gpio/mss_gpio.o
 .debug_macro   0x0000000000000000       0x34 ./drivers/mss_gpio/mss_gpio.o
 .debug_macro   0x0000000000000000      0xca6 ./drivers/mss_gpio/mss_gpio.o
 .debug_macro   0x0000000000000000      0x265 ./drivers/mss_gpio/mss_gpio.o
 .debug_macro   0x0000000000000000       0x64 ./drivers/mss_gpio/mss_gpio.o
 .debug_macro   0x0000000000000000       0x17 ./drivers/mss_gpio/mss_gpio.o
 .debug_macro   0x0000000000000000       0x35 ./drivers/mss_gpio/mss_gpio.o
 .debug_macro   0x0000000000000000       0x9c ./drivers/mss_gpio/mss_gpio.o
 .debug_macro   0x0000000000000000       0x1c ./drivers/mss_gpio/mss_gpio.o
 .group         0x0000000000000000        0xc ./CMSIS/startup_gcc/newlib_stubs.o
 .group         0x0000000000000000        0xc ./CMSIS/startup_gcc/newlib_stubs.o
 .group         0x0000000000000000        0xc ./CMSIS/startup_gcc/newlib_stubs.o
 .group         0x0000000000000000        0xc ./CMSIS/startup_gcc/newlib_stubs.o
 .group         0x0000000000000000        0xc ./CMSIS/startup_gcc/newlib_stubs.o
 .group         0x0000000000000000        0xc ./CMSIS/startup_gcc/newlib_stubs.o
 .group         0x0000000000000000        0xc ./CMSIS/startup_gcc/newlib_stubs.o
 .group         0x0000000000000000        0xc ./CMSIS/startup_gcc/newlib_stubs.o
 .group         0x0000000000000000        0xc ./CMSIS/startup_gcc/newlib_stubs.o
 .group         0x0000000000000000        0xc ./CMSIS/startup_gcc/newlib_stubs.o
 .group         0x0000000000000000        0xc ./CMSIS/startup_gcc/newlib_stubs.o
 .group         0x0000000000000000        0xc ./CMSIS/startup_gcc/newlib_stubs.o
 .group         0x0000000000000000        0xc ./CMSIS/startup_gcc/newlib_stubs.o
 .group         0x0000000000000000        0xc ./CMSIS/startup_gcc/newlib_stubs.o
 .group         0x0000000000000000        0xc ./CMSIS/startup_gcc/newlib_stubs.o
 .group         0x0000000000000000        0xc ./CMSIS/startup_gcc/newlib_stubs.o
 .group         0x0000000000000000        0xc ./CMSIS/startup_gcc/newlib_stubs.o
 .group         0x0000000000000000        0xc ./CMSIS/startup_gcc/newlib_stubs.o
 .group         0x0000000000000000        0xc ./CMSIS/startup_gcc/newlib_stubs.o
 .group         0x0000000000000000        0xc ./CMSIS/startup_gcc/newlib_stubs.o
 .group         0x0000000000000000        0xc ./CMSIS/startup_gcc/newlib_stubs.o
 .group         0x0000000000000000        0xc ./CMSIS/startup_gcc/newlib_stubs.o
 .group         0x0000000000000000        0xc ./CMSIS/startup_gcc/newlib_stubs.o
 .group         0x0000000000000000        0xc ./CMSIS/startup_gcc/newlib_stubs.o
 .group         0x0000000000000000        0xc ./CMSIS/startup_gcc/newlib_stubs.o
 .group         0x0000000000000000        0xc ./CMSIS/startup_gcc/newlib_stubs.o
 .group         0x0000000000000000        0xc ./CMSIS/startup_gcc/newlib_stubs.o
 .group         0x0000000000000000        0xc ./CMSIS/startup_gcc/newlib_stubs.o
 .group         0x0000000000000000        0xc ./CMSIS/startup_gcc/newlib_stubs.o
 .group         0x0000000000000000        0xc ./CMSIS/startup_gcc/newlib_stubs.o
 .group         0x0000000000000000        0xc ./CMSIS/startup_gcc/newlib_stubs.o
 .group         0x0000000000000000        0xc ./CMSIS/startup_gcc/newlib_stubs.o
 .group         0x0000000000000000        0xc ./CMSIS/startup_gcc/newlib_stubs.o
 .group         0x0000000000000000        0xc ./CMSIS/startup_gcc/newlib_stubs.o
 .group         0x0000000000000000        0xc ./CMSIS/startup_gcc/newlib_stubs.o
 .group         0x0000000000000000        0xc ./CMSIS/startup_gcc/newlib_stubs.o
 .group         0x0000000000000000        0xc ./CMSIS/startup_gcc/newlib_stubs.o
 .group         0x0000000000000000        0xc ./CMSIS/startup_gcc/newlib_stubs.o
 .group         0x0000000000000000        0xc ./CMSIS/startup_gcc/newlib_stubs.o
 .text          0x0000000000000000        0x0 ./CMSIS/startup_gcc/newlib_stubs.o
 .data          0x0000000000000000        0x0 ./CMSIS/startup_gcc/newlib_stubs.o
 .bss           0x0000000000000000        0x0 ./CMSIS/startup_gcc/newlib_stubs.o
 .text._close   0x0000000000000000        0x6 ./CMSIS/startup_gcc/newlib_stubs.o
 .text._execve  0x0000000000000000       0x10 ./CMSIS/startup_gcc/newlib_stubs.o
 .text._exit    0x0000000000000000        0x2 ./CMSIS/startup_gcc/newlib_stubs.o
 .text._fork    0x0000000000000000       0x10 ./CMSIS/startup_gcc/newlib_stubs.o
 .text._fstat   0x0000000000000000        0xa ./CMSIS/startup_gcc/newlib_stubs.o
 .text._getpid  0x0000000000000000        0x4 ./CMSIS/startup_gcc/newlib_stubs.o
 .text._isatty  0x0000000000000000        0x4 ./CMSIS/startup_gcc/newlib_stubs.o
 .text._kill    0x0000000000000000       0x10 ./CMSIS/startup_gcc/newlib_stubs.o
 .text._link    0x0000000000000000       0x10 ./CMSIS/startup_gcc/newlib_stubs.o
 .text._lseek   0x0000000000000000        0x4 ./CMSIS/startup_gcc/newlib_stubs.o
 .text._open    0x0000000000000000        0x6 ./CMSIS/startup_gcc/newlib_stubs.o
 .text._read    0x0000000000000000        0x4 ./CMSIS/startup_gcc/newlib_stubs.o
 .text._write_r
                0x0000000000000000        0x4 ./CMSIS/startup_gcc/newlib_stubs.o
 .text._sbrk    0x0000000000000000       0x38 ./CMSIS/startup_gcc/newlib_stubs.o
 .text._stat    0x0000000000000000        0xa ./CMSIS/startup_gcc/newlib_stubs.o
 .text._times   0x0000000000000000        0x6 ./CMSIS/startup_gcc/newlib_stubs.o
 .text._unlink  0x0000000000000000       0x10 ./CMSIS/startup_gcc/newlib_stubs.o
 .text._wait    0x0000000000000000       0x10 ./CMSIS/startup_gcc/newlib_stubs.o
 .bss.__env     0x0000000000000000        0x4 ./CMSIS/startup_gcc/newlib_stubs.o
 .bss.heap_end.5370
                0x0000000000000000        0x4 ./CMSIS/startup_gcc/newlib_stubs.o
 .data.environ  0x0000000000000000        0x4 ./CMSIS/startup_gcc/newlib_stubs.o
 .debug_info    0x0000000000000000      0xffc ./CMSIS/startup_gcc/newlib_stubs.o
 .debug_abbrev  0x0000000000000000      0x334 ./CMSIS/startup_gcc/newlib_stubs.o
 .debug_loc     0x0000000000000000      0x291 ./CMSIS/startup_gcc/newlib_stubs.o
 .debug_aranges
                0x0000000000000000       0xa8 ./CMSIS/startup_gcc/newlib_stubs.o
 .debug_ranges  0x0000000000000000       0x98 ./CMSIS/startup_gcc/newlib_stubs.o
 .debug_macro   0x0000000000000000      0x1fa ./CMSIS/startup_gcc/newlib_stubs.o
 .debug_macro   0x0000000000000000      0xa48 ./CMSIS/startup_gcc/newlib_stubs.o
 .debug_macro   0x0000000000000000       0x17 ./CMSIS/startup_gcc/newlib_stubs.o
 .debug_macro   0x0000000000000000       0x22 ./CMSIS/startup_gcc/newlib_stubs.o
 .debug_macro   0x0000000000000000       0x5e ./CMSIS/startup_gcc/newlib_stubs.o
 .debug_macro   0x0000000000000000       0x8d ./CMSIS/startup_gcc/newlib_stubs.o
 .debug_macro   0x0000000000000000       0x35 ./CMSIS/startup_gcc/newlib_stubs.o
 .debug_macro   0x0000000000000000       0x9c ./CMSIS/startup_gcc/newlib_stubs.o
 .debug_macro   0x0000000000000000       0x16 ./CMSIS/startup_gcc/newlib_stubs.o
 .debug_macro   0x0000000000000000      0x10e ./CMSIS/startup_gcc/newlib_stubs.o
 .debug_macro   0x0000000000000000       0x8d ./CMSIS/startup_gcc/newlib_stubs.o
 .debug_macro   0x0000000000000000       0x57 ./CMSIS/startup_gcc/newlib_stubs.o
 .debug_macro   0x0000000000000000       0x58 ./CMSIS/startup_gcc/newlib_stubs.o
 .debug_macro   0x0000000000000000       0x1f ./CMSIS/startup_gcc/newlib_stubs.o
 .debug_macro   0x0000000000000000       0x43 ./CMSIS/startup_gcc/newlib_stubs.o
 .debug_macro   0x0000000000000000       0x20 ./CMSIS/startup_gcc/newlib_stubs.o
 .debug_macro   0x0000000000000000      0x18e ./CMSIS/startup_gcc/newlib_stubs.o
 .debug_macro   0x0000000000000000      0x330 ./CMSIS/startup_gcc/newlib_stubs.o
 .debug_macro   0x0000000000000000       0x16 ./CMSIS/startup_gcc/newlib_stubs.o
 .debug_macro   0x0000000000000000       0x29 ./CMSIS/startup_gcc/newlib_stubs.o
 .debug_macro   0x0000000000000000       0x16 ./CMSIS/startup_gcc/newlib_stubs.o
 .debug_macro   0x0000000000000000       0x10 ./CMSIS/startup_gcc/newlib_stubs.o
 .debug_macro   0x0000000000000000       0x35 ./CMSIS/startup_gcc/newlib_stubs.o
 .debug_macro   0x0000000000000000       0x6a ./CMSIS/startup_gcc/newlib_stubs.o
 .debug_macro   0x0000000000000000       0x1c ./CMSIS/startup_gcc/newlib_stubs.o
 .debug_macro   0x0000000000000000       0x52 ./CMSIS/startup_gcc/newlib_stubs.o
 .debug_macro   0x0000000000000000       0x40 ./CMSIS/startup_gcc/newlib_stubs.o
 .debug_macro   0x0000000000000000       0x10 ./CMSIS/startup_gcc/newlib_stubs.o
 .debug_macro   0x0000000000000000       0x40 ./CMSIS/startup_gcc/newlib_stubs.o
 .debug_macro   0x0000000000000000       0xd7 ./CMSIS/startup_gcc/newlib_stubs.o
 .debug_macro   0x0000000000000000       0x1c ./CMSIS/startup_gcc/newlib_stubs.o
 .debug_macro   0x0000000000000000       0x3d ./CMSIS/startup_gcc/newlib_stubs.o
 .debug_macro   0x0000000000000000      0x51a ./CMSIS/startup_gcc/newlib_stubs.o
 .debug_macro   0x0000000000000000       0x16 ./CMSIS/startup_gcc/newlib_stubs.o
 .debug_macro   0x0000000000000000       0x10 ./CMSIS/startup_gcc/newlib_stubs.o
 .debug_macro   0x0000000000000000       0x10 ./CMSIS/startup_gcc/newlib_stubs.o
 .debug_macro   0x0000000000000000       0x35 ./CMSIS/startup_gcc/newlib_stubs.o
 .debug_macro   0x0000000000000000      0x122 ./CMSIS/startup_gcc/newlib_stubs.o
 .debug_macro   0x0000000000000000       0x10 ./CMSIS/startup_gcc/newlib_stubs.o
 .debug_macro   0x0000000000000000      0x241 ./CMSIS/startup_gcc/newlib_stubs.o
 .debug_line    0x0000000000000000      0x488 ./CMSIS/startup_gcc/newlib_stubs.o
 .debug_str     0x0000000000000000     0x8a86 ./CMSIS/startup_gcc/newlib_stubs.o
 .comment       0x0000000000000000       0x73 ./CMSIS/startup_gcc/newlib_stubs.o
 .debug_frame   0x0000000000000000      0x160 ./CMSIS/startup_gcc/newlib_stubs.o
 .text          0x0000000000000000        0x0 ./CMSIS/startup_gcc/startup_m2sxxx.o
 .data          0x0000000000000000        0x0 ./CMSIS/startup_gcc/startup_m2sxxx.o
 .bss           0x0000000000000000        0x0 ./CMSIS/startup_gcc/startup_m2sxxx.o
 .group         0x0000000000000000        0xc ./CMSIS/system_m2sxxx.o
 .group         0x0000000000000000        0xc ./CMSIS/system_m2sxxx.o
 .group         0x0000000000000000        0xc ./CMSIS/system_m2sxxx.o
 .group         0x0000000000000000        0xc ./CMSIS/system_m2sxxx.o
 .group         0x0000000000000000        0xc ./CMSIS/system_m2sxxx.o
 .group         0x0000000000000000        0xc ./CMSIS/system_m2sxxx.o
 .group         0x0000000000000000        0xc ./CMSIS/system_m2sxxx.o
 .group         0x0000000000000000        0xc ./CMSIS/system_m2sxxx.o
 .group         0x0000000000000000        0xc ./CMSIS/system_m2sxxx.o
 .group         0x0000000000000000        0xc ./CMSIS/system_m2sxxx.o
 .group         0x0000000000000000        0xc ./CMSIS/system_m2sxxx.o
 .group         0x0000000000000000        0xc ./CMSIS/system_m2sxxx.o
 .group         0x0000000000000000        0xc ./CMSIS/system_m2sxxx.o
 .group         0x0000000000000000        0xc ./CMSIS/system_m2sxxx.o
 .text          0x0000000000000000        0x0 ./CMSIS/system_m2sxxx.o
 .data          0x0000000000000000        0x0 ./CMSIS/system_m2sxxx.o
 .bss           0x0000000000000000        0x0 ./CMSIS/system_m2sxxx.o
 .debug_macro   0x0000000000000000      0xa48 ./CMSIS/system_m2sxxx.o
 .debug_macro   0x0000000000000000       0x26 ./CMSIS/system_m2sxxx.o
 .debug_macro   0x0000000000000000       0x22 ./CMSIS/system_m2sxxx.o
 .debug_macro   0x0000000000000000       0x87 ./CMSIS/system_m2sxxx.o
 .debug_macro   0x0000000000000000       0x51 ./CMSIS/system_m2sxxx.o
 .debug_macro   0x0000000000000000       0xef ./CMSIS/system_m2sxxx.o
 .debug_macro   0x0000000000000000       0x6a ./CMSIS/system_m2sxxx.o
 .debug_macro   0x0000000000000000      0x1df ./CMSIS/system_m2sxxx.o
 .debug_macro   0x0000000000000000       0x34 ./CMSIS/system_m2sxxx.o
 .debug_macro   0x0000000000000000       0x34 ./CMSIS/system_m2sxxx.o
 .debug_macro   0x0000000000000000      0xca6 ./CMSIS/system_m2sxxx.o
 .debug_macro   0x0000000000000000      0x265 ./CMSIS/system_m2sxxx.o
 .debug_macro   0x0000000000000000       0x3a ./CMSIS/system_m2sxxx.o
 .debug_macro   0x0000000000000000       0x34 ./CMSIS/system_m2sxxx.o
 .group         0x0000000000000000        0xc ./main.o
 .group         0x0000000000000000        0xc ./main.o
 .group         0x0000000000000000        0xc ./main.o
 .group         0x0000000000000000        0xc ./main.o
 .group         0x0000000000000000        0xc ./main.o
 .group         0x0000000000000000        0xc ./main.o
 .group         0x0000000000000000        0xc ./main.o
 .group         0x0000000000000000        0xc ./main.o
 .group         0x0000000000000000        0xc ./main.o
 .group         0x0000000000000000        0xc ./main.o
 .group         0x0000000000000000        0xc ./main.o
 .group         0x0000000000000000        0xc ./main.o
 .group         0x0000000000000000        0xc ./main.o
 .group         0x0000000000000000        0xc ./main.o
 .group         0x0000000000000000        0xc ./main.o
 .text          0x0000000000000000        0x0 ./main.o
 .data          0x0000000000000000        0x0 ./main.o
 .bss           0x0000000000000000        0x0 ./main.o
 .text.alt_getchar
                0x0000000000000000       0x20 ./main.o
 .text.print_hex_char
                0x0000000000000000       0x16 ./main.o
 .text.print_hex_16
                0x0000000000000000       0x20 ./main.o
 .debug_macro   0x0000000000000000      0xa48 ./main.o
 .debug_macro   0x0000000000000000       0x26 ./main.o
 .debug_macro   0x0000000000000000       0x22 ./main.o
 .debug_macro   0x0000000000000000       0x87 ./main.o
 .debug_macro   0x0000000000000000       0x51 ./main.o
 .debug_macro   0x0000000000000000       0xef ./main.o
 .debug_macro   0x0000000000000000       0x6a ./main.o
 .debug_macro   0x0000000000000000      0x1df ./main.o
 .debug_macro   0x0000000000000000       0x34 ./main.o
 .debug_macro   0x0000000000000000       0x34 ./main.o
 .debug_macro   0x0000000000000000      0xca6 ./main.o
 .debug_macro   0x0000000000000000      0x265 ./main.o
 .debug_macro   0x0000000000000000      0x11c ./main.o
 .debug_macro   0x0000000000000000      0x174 ./main.o
 .debug_macro   0x0000000000000000      0x177 ./main.o
 .text          0x0000000000000000        0x0 d:/microsemi/softconsole_v5.3/arm-none-eabi-gcc/bin/../lib/gcc/arm-none-eabi/7.2.1/../../../../arm-none-eabi/lib/thumb/v7-m\libg_nano.a(lib_a-errno.o)
 .data          0x0000000000000000        0x0 d:/microsemi/softconsole_v5.3/arm-none-eabi-gcc/bin/../lib/gcc/arm-none-eabi/7.2.1/../../../../arm-none-eabi/lib/thumb/v7-m\libg_nano.a(lib_a-errno.o)
 .bss           0x0000000000000000        0x0 d:/microsemi/softconsole_v5.3/arm-none-eabi-gcc/bin/../lib/gcc/arm-none-eabi/7.2.1/../../../../arm-none-eabi/lib/thumb/v7-m\libg_nano.a(lib_a-errno.o)
 .text.__errno  0x0000000000000000        0xc d:/microsemi/softconsole_v5.3/arm-none-eabi-gcc/bin/../lib/gcc/arm-none-eabi/7.2.1/../../../../arm-none-eabi/lib/thumb/v7-m\libg_nano.a(lib_a-errno.o)
 .debug_frame   0x0000000000000000       0x20 d:/microsemi/softconsole_v5.3/arm-none-eabi-gcc/bin/../lib/gcc/arm-none-eabi/7.2.1/../../../../arm-none-eabi/lib/thumb/v7-m\libg_nano.a(lib_a-errno.o)
 .text          0x0000000000000000        0x0 d:/microsemi/softconsole_v5.3/arm-none-eabi-gcc/bin/../lib/gcc/arm-none-eabi/7.2.1/../../../../arm-none-eabi/lib/thumb/v7-m\libg_nano.a(lib_a-exit.o)
 .data          0x0000000000000000        0x0 d:/microsemi/softconsole_v5.3/arm-none-eabi-gcc/bin/../lib/gcc/arm-none-eabi/7.2.1/../../../../arm-none-eabi/lib/thumb/v7-m\libg_nano.a(lib_a-exit.o)
 .bss           0x0000000000000000        0x0 d:/microsemi/softconsole_v5.3/arm-none-eabi-gcc/bin/../lib/gcc/arm-none-eabi/7.2.1/../../../../arm-none-eabi/lib/thumb/v7-m\libg_nano.a(lib_a-exit.o)
 .text.exit     0x0000000000000000       0x28 d:/microsemi/softconsole_v5.3/arm-none-eabi-gcc/bin/../lib/gcc/arm-none-eabi/7.2.1/../../../../arm-none-eabi/lib/thumb/v7-m\libg_nano.a(lib_a-exit.o)
 .debug_frame   0x0000000000000000       0x28 d:/microsemi/softconsole_v5.3/arm-none-eabi-gcc/bin/../lib/gcc/arm-none-eabi/7.2.1/../../../../arm-none-eabi/lib/thumb/v7-m\libg_nano.a(lib_a-exit.o)
 .text          0x0000000000000000        0x0 d:/microsemi/softconsole_v5.3/arm-none-eabi-gcc/bin/../lib/gcc/arm-none-eabi/7.2.1/../../../../arm-none-eabi/lib/thumb/v7-m\libg_nano.a(lib_a-impure.o)
 .data          0x0000000000000000        0x0 d:/microsemi/softconsole_v5.3/arm-none-eabi-gcc/bin/../lib/gcc/arm-none-eabi/7.2.1/../../../../arm-none-eabi/lib/thumb/v7-m\libg_nano.a(lib_a-impure.o)
 .bss           0x0000000000000000        0x0 d:/microsemi/softconsole_v5.3/arm-none-eabi-gcc/bin/../lib/gcc/arm-none-eabi/7.2.1/../../../../arm-none-eabi/lib/thumb/v7-m\libg_nano.a(lib_a-impure.o)
 .data._impure_ptr
                0x0000000000000000        0x4 d:/microsemi/softconsole_v5.3/arm-none-eabi-gcc/bin/../lib/gcc/arm-none-eabi/7.2.1/../../../../arm-none-eabi/lib/thumb/v7-m\libg_nano.a(lib_a-impure.o)
 .data.impure_data
                0x0000000000000000       0x60 d:/microsemi/softconsole_v5.3/arm-none-eabi-gcc/bin/../lib/gcc/arm-none-eabi/7.2.1/../../../../arm-none-eabi/lib/thumb/v7-m\libg_nano.a(lib_a-impure.o)
 .rodata._global_impure_ptr
                0x0000000000000000        0x4 d:/microsemi/softconsole_v5.3/arm-none-eabi-gcc/bin/../lib/gcc/arm-none-eabi/7.2.1/../../../../arm-none-eabi/lib/thumb/v7-m\libg_nano.a(lib_a-impure.o)
 .text          0x0000000000000000        0x0 d:/microsemi/softconsole_v5.3/arm-none-eabi-gcc/bin/../lib/gcc/arm-none-eabi/7.2.1/../../../../arm-none-eabi/lib/thumb/v7-m\libg_nano.a(lib_a-init.o)
 .data          0x0000000000000000        0x0 d:/microsemi/softconsole_v5.3/arm-none-eabi-gcc/bin/../lib/gcc/arm-none-eabi/7.2.1/../../../../arm-none-eabi/lib/thumb/v7-m\libg_nano.a(lib_a-init.o)
 .bss           0x0000000000000000        0x0 d:/microsemi/softconsole_v5.3/arm-none-eabi-gcc/bin/../lib/gcc/arm-none-eabi/7.2.1/../../../../arm-none-eabi/lib/thumb/v7-m\libg_nano.a(lib_a-init.o)
 .text          0x0000000000000000        0x0 d:/microsemi/softconsole_v5.3/arm-none-eabi-gcc/bin/../lib/gcc/arm-none-eabi/7.2.1/../../../../arm-none-eabi/lib/thumb/v7-m\libg_nano.a(lib_a-memcpy-stub.o)
 .data          0x0000000000000000        0x0 d:/microsemi/softconsole_v5.3/arm-none-eabi-gcc/bin/../lib/gcc/arm-none-eabi/7.2.1/../../../../arm-none-eabi/lib/thumb/v7-m\libg_nano.a(lib_a-memcpy-stub.o)
 .bss           0x0000000000000000        0x0 d:/microsemi/softconsole_v5.3/arm-none-eabi-gcc/bin/../lib/gcc/arm-none-eabi/7.2.1/../../../../arm-none-eabi/lib/thumb/v7-m\libg_nano.a(lib_a-memcpy-stub.o)
 .text          0x0000000000000000        0x0 d:/microsemi/softconsole_v5.3/arm-none-eabi-gcc/bin/../lib/gcc/arm-none-eabi/7.2.1/../../../../arm-none-eabi/lib/thumb/v7-m\libg_nano.a(lib_a-memset.o)
 .data          0x0000000000000000        0x0 d:/microsemi/softconsole_v5.3/arm-none-eabi-gcc/bin/../lib/gcc/arm-none-eabi/7.2.1/../../../../arm-none-eabi/lib/thumb/v7-m\libg_nano.a(lib_a-memset.o)
 .bss           0x0000000000000000        0x0 d:/microsemi/softconsole_v5.3/arm-none-eabi-gcc/bin/../lib/gcc/arm-none-eabi/7.2.1/../../../../arm-none-eabi/lib/thumb/v7-m\libg_nano.a(lib_a-memset.o)
 .text.memset   0x0000000000000000       0x10 d:/microsemi/softconsole_v5.3/arm-none-eabi-gcc/bin/../lib/gcc/arm-none-eabi/7.2.1/../../../../arm-none-eabi/lib/thumb/v7-m\libg_nano.a(lib_a-memset.o)
 .debug_frame   0x0000000000000000       0x20 d:/microsemi/softconsole_v5.3/arm-none-eabi-gcc/bin/../lib/gcc/arm-none-eabi/7.2.1/../../../../arm-none-eabi/lib/thumb/v7-m\libg_nano.a(lib_a-memset.o)
 .text          0x0000000000000000        0x0 d:/microsemi/softconsole_v5.3/arm-none-eabi-gcc/bin/../lib/gcc/arm-none-eabi/7.2.1/thumb/v7-m/crtend.o
 .data          0x0000000000000000        0x0 d:/microsemi/softconsole_v5.3/arm-none-eabi-gcc/bin/../lib/gcc/arm-none-eabi/7.2.1/thumb/v7-m/crtend.o
 .bss           0x0000000000000000        0x0 d:/microsemi/softconsole_v5.3/arm-none-eabi-gcc/bin/../lib/gcc/arm-none-eabi/7.2.1/thumb/v7-m/crtend.o
 .eh_frame      0x0000000000000000        0x4 d:/microsemi/softconsole_v5.3/arm-none-eabi-gcc/bin/../lib/gcc/arm-none-eabi/7.2.1/thumb/v7-m/crtend.o
 .text          0x0000000000000000        0x0 d:/microsemi/softconsole_v5.3/arm-none-eabi-gcc/bin/../lib/gcc/arm-none-eabi/7.2.1/thumb/v7-m/crtn.o
 .data          0x0000000000000000        0x0 d:/microsemi/softconsole_v5.3/arm-none-eabi-gcc/bin/../lib/gcc/arm-none-eabi/7.2.1/thumb/v7-m/crtn.o
 .bss           0x0000000000000000        0x0 d:/microsemi/softconsole_v5.3/arm-none-eabi-gcc/bin/../lib/gcc/arm-none-eabi/7.2.1/thumb/v7-m/crtn.o

Memory Configuration

Name             Origin             Length             Attributes
rom              0x0000000000000000 0x0000000000040000 xr
ram              0x0000000020010000 0x0000000000004000 xrw
*default*        0x0000000000000000 0xffffffffffffffff

Linker script and memory map

LOAD d:/microsemi/softconsole_v5.3/arm-none-eabi-gcc/bin/../lib/gcc/arm-none-eabi/7.2.1/thumb/v7-m/crti.o
LOAD d:/microsemi/softconsole_v5.3/arm-none-eabi-gcc/bin/../lib/gcc/arm-none-eabi/7.2.1/thumb/v7-m/crtbegin.o
LOAD d:/microsemi/softconsole_v5.3/arm-none-eabi-gcc/bin/../lib/gcc/arm-none-eabi/7.2.1/../../../../arm-none-eabi/lib/thumb/v7-m/crt0.o
LOAD ./hal/CortexM3/GNU/hal.o
LOAD ./hal/CortexM3/GNU/hw_reg_access.o
LOAD ./hal/CortexM3/cortex_nvic.o
LOAD ./drivers_config/sys_config/sys_config.o
LOAD ./drivers/mss_uart/mss_uart.o
LOAD ./drivers/mss_sys_services/mss_comblk.o
LOAD ./drivers/mss_sys_services/mss_sys_services.o
LOAD ./drivers/mss_gpio/mss_gpio.o
LOAD ./CMSIS/startup_gcc/newlib_stubs.o
LOAD ./CMSIS/startup_gcc/startup_m2sxxx.o
LOAD ./CMSIS/system_m2sxxx.o
LOAD ./main.o
START GROUP
LOAD d:/microsemi/softconsole_v5.3/arm-none-eabi-gcc/bin/../lib/gcc/arm-none-eabi/7.2.1/thumb/v7-m\libgcc.a
LOAD d:/microsemi/softconsole_v5.3/arm-none-eabi-gcc/bin/../lib/gcc/arm-none-eabi/7.2.1/../../../../arm-none-eabi/lib/thumb/v7-m\libg_nano.a
LOAD d:/microsemi/softconsole_v5.3/arm-none-eabi-gcc/bin/../lib/gcc/arm-none-eabi/7.2.1/../../../../arm-none-eabi/lib/thumb/v7-m\libc_nano.a
END GROUP
START GROUP
LOAD d:/microsemi/softconsole_v5.3/arm-none-eabi-gcc/bin/../lib/gcc/arm-none-eabi/7.2.1/thumb/v7-m\libgcc.a
LOAD d:/microsemi/softconsole_v5.3/arm-none-eabi-gcc/bin/../lib/gcc/arm-none-eabi/7.2.1/../../../../arm-none-eabi/lib/thumb/v7-m\libc_nano.a
END GROUP
LOAD d:/microsemi/softconsole_v5.3/arm-none-eabi-gcc/bin/../lib/gcc/arm-none-eabi/7.2.1/thumb/v7-m/crtend.o
LOAD d:/microsemi/softconsole_v5.3/arm-none-eabi-gcc/bin/../lib/gcc/arm-none-eabi/7.2.1/thumb/v7-m/crtn.o
START GROUP
LOAD d:/microsemi/softconsole_v5.3/arm-none-eabi-gcc/bin/../lib/gcc/arm-none-eabi/7.2.1/../../../../arm-none-eabi/lib/thumb/v7-m\libc.a
LOAD d:/microsemi/softconsole_v5.3/arm-none-eabi-gcc/bin/../lib/gcc/arm-none-eabi/7.2.1/thumb/v7-m\libgcc.a
LOAD d:/microsemi/softconsole_v5.3/arm-none-eabi-gcc/bin/../lib/gcc/arm-none-eabi/7.2.1/../../../../arm-none-eabi/lib/thumb/v7-m\libm.a
END GROUP
                0x0000000000000000                __DYNAMIC = 0x0
                0x0000000020010000                RAM_START_ADDRESS = 0x20010000
                0x0000000000004000                RAM_SIZE = 0x4000
                0x0000000000001000                MAIN_STACK_SIZE = 0x1000
                0x0000000000001000                MIN_SIZE_HEAP = 0x1000
                0x0000000020014000                PROVIDE (__main_stack_start, (RAM_START_ADDRESS + RAM_SIZE))
                [!provide]                        PROVIDE (__process_stack_start, (__main_stack_start - MAIN_STACK_SIZE))
                [!provide]                        PROVIDE (_estack, __main_stack_start)
                0x0000000000000000                PROVIDE (__mirrored_nvm, 0x0)
                0x0000000000000000                PROVIDE (__smartfusion2_memory_remap, 0x0)

.vector_table   0x0000000000000000      0x190
                0x0000000000000000                __vector_table_load = LOADADDR (.vector_table)
                0x0000000000000000                __vector_table_start = .
                0x0000000000000000                __vector_table_vma_base_address = .
 *(.isr_vector)
 .isr_vector    0x0000000000000000      0x190 ./CMSIS/startup_gcc/startup_m2sxxx.o
                0x0000000000000000                g_pfnVectors
                0x0000000000000190                . = ALIGN (0x10)
                0x0000000000000190                _evector_table = .

.boot_code      0x0000000000000190      0x320
 *(.boot_code)
 .boot_code     0x0000000000000190      0x31c ./CMSIS/startup_gcc/startup_m2sxxx.o
                0x0000000000000190                Reset_Handler
                0x000000000000037e                NMI_Handler
                0x0000000000000380                HardFault_Handler
                0x0000000000000382                MemManage_Handler
                0x0000000000000384                BusFault_Handler
                0x0000000000000386                UsageFault_Handler
                0x0000000000000388                SVC_Handler
                0x000000000000038a                DebugMon_Handler
                0x000000000000038c                PendSV_Handler
                0x000000000000038e                SysTick_Handler
                0x0000000000000390                WdogWakeup_IRQHandler
                0x0000000000000392                RTC_Wakeup_IRQHandler
                0x0000000000000394                SPI0_IRQHandler
                0x0000000000000396                SPI1_IRQHandler
                0x0000000000000398                I2C0_IRQHandler
                0x000000000000039a                I2C0_SMBAlert_IRQHandler
                0x000000000000039c                I2C0_SMBus_IRQHandler
                0x000000000000039e                I2C1_IRQHandler
                0x00000000000003a0                I2C1_SMBAlert_IRQHandler
                0x00000000000003a2                I2C1_SMBus_IRQHandler
                0x00000000000003a8                EthernetMAC_IRQHandler
                0x00000000000003aa                DMA_IRQHandler
                0x00000000000003ac                Timer1_IRQHandler
                0x00000000000003ae                Timer2_IRQHandler
                0x00000000000003b0                CAN_IRQHandler
                0x00000000000003b2                ENVM0_IRQHandler
                0x00000000000003b4                ENVM1_IRQHandler
                0x00000000000003b8                USB_IRQHandler
                0x00000000000003ba                USB_DMA_IRQHandler
                0x00000000000003bc                PLL_Lock_IRQHandler
                0x00000000000003be                PLL_LockLost_IRQHandler
                0x00000000000003c0                CommSwitchError_IRQHandler
                0x00000000000003c2                CacheError_IRQHandler
                0x00000000000003c4                DDR_IRQHandler
                0x00000000000003c6                HPDMA_Complete_IRQHandler
                0x00000000000003c8                HPDMA_Error_IRQHandler
                0x00000000000003ca                ECC_Error_IRQHandler
                0x00000000000003cc                MDDR_IOCalib_IRQHandler
                0x00000000000003ce                FAB_PLL_Lock_IRQHandler
                0x00000000000003d0                FAB_PLL_LockLost_IRQHandler
                0x00000000000003d2                FIC64_IRQHandler
                0x00000000000003d4                FabricIrq0_IRQHandler
                0x00000000000003d6                FabricIrq1_IRQHandler
                0x00000000000003d8                FabricIrq2_IRQHandler
                0x00000000000003da                FabricIrq3_IRQHandler
                0x00000000000003dc                FabricIrq4_IRQHandler
                0x00000000000003de                FabricIrq5_IRQHandler
                0x00000000000003e0                FabricIrq6_IRQHandler
                0x00000000000003e2                FabricIrq7_IRQHandler
                0x00000000000003e4                FabricIrq8_IRQHandler
                0x00000000000003e6                FabricIrq9_IRQHandler
                0x00000000000003e8                FabricIrq10_IRQHandler
                0x00000000000003ea                FabricIrq11_IRQHandler
                0x00000000000003ec                FabricIrq12_IRQHandler
                0x00000000000003ee                FabricIrq13_IRQHandler
                0x00000000000003f0                FabricIrq14_IRQHandler
                0x00000000000003f2                FabricIrq15_IRQHandler
                0x00000000000003f4                GPIO0_IRQHandler
                0x00000000000003f6                GPIO1_IRQHandler
                0x00000000000003f8                GPIO2_IRQHandler
                0x00000000000003fa                GPIO3_IRQHandler
                0x00000000000003fc                GPIO4_IRQHandler
                0x00000000000003fe                GPIO5_IRQHandler
                0x0000000000000400                GPIO6_IRQHandler
                0x0000000000000402                GPIO7_IRQHandler
                0x0000000000000404                GPIO8_IRQHandler
                0x0000000000000406                GPIO9_IRQHandler
                0x0000000000000408                GPIO10_IRQHandler
                0x000000000000040a                GPIO11_IRQHandler
                0x000000000000040c                GPIO12_IRQHandler
                0x000000000000040e                GPIO13_IRQHandler
                0x0000000000000410                GPIO14_IRQHandler
                0x0000000000000412                GPIO15_IRQHandler
                0x0000000000000414                GPIO16_IRQHandler
                0x0000000000000416                GPIO17_IRQHandler
                0x0000000000000418                GPIO18_IRQHandler
                0x000000000000041a                GPIO19_IRQHandler
                0x000000000000041c                GPIO20_IRQHandler
                0x000000000000041e                GPIO21_IRQHandler
                0x0000000000000420                GPIO22_IRQHandler
                0x0000000000000422                GPIO23_IRQHandler
                0x0000000000000424                GPIO24_IRQHandler
                0x0000000000000426                GPIO25_IRQHandler
                0x0000000000000428                GPIO26_IRQHandler
                0x000000000000042a                GPIO27_IRQHandler
                0x000000000000042c                GPIO28_IRQHandler
                0x000000000000042e                GPIO29_IRQHandler
                0x0000000000000430                GPIO30_IRQHandler
                0x0000000000000432                GPIO31_IRQHandler
                0x0000000000000434                mscc_post_hw_cfg_init
                0x00000000000004b0                . = ALIGN (0x10)
 *fill*         0x00000000000004ac        0x4 

.text           0x00000000000004b0      0xe10
 CREATE_OBJECT_SYMBOLS
                0x00000000000004b0                __text_load = LOADADDR (.text)
                0x00000000000004b0                __text_start = .
 *(.text .text.* .gnu.linkonce.t.*)
 .text.deregister_tm_clones
                0x00000000000004b0       0x1c d:/microsemi/softconsole_v5.3/arm-none-eabi-gcc/bin/../lib/gcc/arm-none-eabi/7.2.1/thumb/v7-m/crtbegin.o
 .text.register_tm_clones
                0x00000000000004cc       0x24 d:/microsemi/softconsole_v5.3/arm-none-eabi-gcc/bin/../lib/gcc/arm-none-eabi/7.2.1/thumb/v7-m/crtbegin.o
 .text.__do_global_dtors_aux
                0x00000000000004f0       0x28 d:/microsemi/softconsole_v5.3/arm-none-eabi-gcc/bin/../lib/gcc/arm-none-eabi/7.2.1/thumb/v7-m/crtbegin.o
 .text.frame_dummy
                0x0000000000000518       0x24 d:/microsemi/softconsole_v5.3/arm-none-eabi-gcc/bin/../lib/gcc/arm-none-eabi/7.2.1/thumb/v7-m/crtbegin.o
 .text.set_bit_reg8
                0x000000000000053c       0x1c ./drivers/mss_uart/mss_uart.o
 .text.clear_bit_reg8
                0x0000000000000558       0x1c ./drivers/mss_uart/mss_uart.o
 .text.read_bit_reg8
                0x0000000000000574       0x1c ./drivers/mss_uart/mss_uart.o
 .text.global_init
                0x0000000000000590      0x1d0 ./drivers/mss_uart/mss_uart.o
 .text.MSS_UART_isr.part.0
                0x0000000000000760       0xd4 ./drivers/mss_uart/mss_uart.o
 .text.default_tx_handler
                0x0000000000000834       0x7c ./drivers/mss_uart/mss_uart.o
 .text.MSS_UART_init
                0x00000000000008b0       0x48 ./drivers/mss_uart/mss_uart.o
                0x00000000000008b0                MSS_UART_init
 .text.MSS_UART_polled_tx
                0x00000000000008f8       0x68 ./drivers/mss_uart/mss_uart.o
                0x00000000000008f8                MSS_UART_polled_tx
 .text.MSS_UART_polled_tx_string
                0x0000000000000960       0x50 ./drivers/mss_uart/mss_uart.o
                0x0000000000000960                MSS_UART_polled_tx_string
 .text.UART0_IRQHandler
                0x00000000000009b0       0x1c ./drivers/mss_uart/mss_uart.o
                0x00000000000009b0                UART0_IRQHandler
 .text.UART1_IRQHandler
                0x00000000000009cc       0x1c ./drivers/mss_uart/mss_uart.o
                0x00000000000009cc                UART1_IRQHandler
 .text.complete_request
                0x00000000000009e8       0x28 ./drivers/mss_sys_services/mss_comblk.o
 .text.fill_tx_fifo
                0x0000000000000a10       0x38 ./drivers/mss_sys_services/mss_comblk.o
 .text.process_sys_ctrl_command
                0x0000000000000a48       0x10 ./drivers/mss_sys_services/mss_comblk.o
 .text.abort_current_cmd
                0x0000000000000a58       0x30 ./drivers/mss_sys_services/mss_comblk.o
 .text.ComBlk_IRQHandler
                0x0000000000000a88      0x210 ./drivers/mss_sys_services/mss_comblk.o
                0x0000000000000a88                ComBlk_IRQHandler
 .text.MSS_GPIO_init
                0x0000000000000c98       0x5c ./drivers/mss_gpio/mss_gpio.o
                0x0000000000000c98                MSS_GPIO_init
 .text.MSS_GPIO_config
                0x0000000000000cf4       0x18 ./drivers/mss_gpio/mss_gpio.o
                0x0000000000000cf4                MSS_GPIO_config
 .text.set_clock_frequency_globals
                0x0000000000000d0c       0x40 ./CMSIS/system_m2sxxx.o
 .text.SystemInit
                0x0000000000000d4c       0x3c ./CMSIS/system_m2sxxx.o
                0x0000000000000d4c                SystemInit
 .text.SystemCoreClockUpdate
                0x0000000000000d88       0xb4 ./CMSIS/system_m2sxxx.o
                0x0000000000000d88                SystemCoreClockUpdate
 .text.alt_putchar
                0x0000000000000e3c       0x20 ./main.o
                0x0000000000000e3c                alt_putchar
 .text.startup.main
                0x0000000000000e5c       0xe4 ./main.o
                0x0000000000000e5c                main
 .text.__libc_init_array
                0x0000000000000f40       0x48 d:/microsemi/softconsole_v5.3/arm-none-eabi-gcc/bin/../lib/gcc/arm-none-eabi/7.2.1/../../../../arm-none-eabi/lib/thumb/v7-m\libg_nano.a(lib_a-init.o)
                0x0000000000000f40                __libc_init_array
 .text.memcpy   0x0000000000000f88       0x16 d:/microsemi/softconsole_v5.3/arm-none-eabi-gcc/bin/../lib/gcc/arm-none-eabi/7.2.1/../../../../arm-none-eabi/lib/thumb/v7-m\libg_nano.a(lib_a-memcpy-stub.o)
                0x0000000000000f88                memcpy
 *(.plt)
 *(.gnu.warning)
 *(.glue_7t)
 .glue_7t       0x0000000000000f9e        0x0 linker stubs
 *(.glue_7)
 .glue_7        0x0000000000000f9e        0x0 linker stubs
 *(.vfp11_veneer)
 .vfp11_veneer  0x0000000000000f9e        0x0 linker stubs
                0x0000000000000fa0                . = ALIGN (0x4)
 *fill*         0x0000000000000f9e        0x2 
 *crtbegin.o(.ctors)
 *(EXCLUDE_FILE(*crtend.o) .ctors)
 *(SORT_BY_NAME(.ctors.*))
 *crtend.o(.ctors)
 *crtbegin.o(.dtors)
 *(EXCLUDE_FILE(*crtend.o) .dtors)
 *(SORT_BY_NAME(.dtors.*))
 *crtend.o(.dtors)
 *(.rodata .rodata.* .gnu.linkonce.r.*)
 .rodata.g_config_reg_lut
                0x0000000000000fa0       0x80 ./drivers/mss_gpio/mss_gpio.o
 .rodata.g_gpio_irqn_lut
                0x0000000000001020       0x20 ./drivers/mss_gpio/mss_gpio.o
 .rodata        0x0000000000001040       0x53 ./main.o
 .rodata.main.str1.1
                0x0000000000001093      0x205 ./main.o
 *(.ARM.extab* .gnu.linkonce.armextab.*)
 *(.gcc_except_table)
 *(.eh_frame_hdr)
 *(.eh_frame)
 .eh_frame      0x0000000000001298        0x0 d:/microsemi/softconsole_v5.3/arm-none-eabi-gcc/bin/../lib/gcc/arm-none-eabi/7.2.1/thumb/v7-m/crtbegin.o
 *(.vector_table)
 *(.init)
 .init          0x0000000000001298        0x4 d:/microsemi/softconsole_v5.3/arm-none-eabi-gcc/bin/../lib/gcc/arm-none-eabi/7.2.1/thumb/v7-m/crti.o
                0x0000000000001298                _init
 .init          0x000000000000129c        0x8 d:/microsemi/softconsole_v5.3/arm-none-eabi-gcc/bin/../lib/gcc/arm-none-eabi/7.2.1/thumb/v7-m/crtn.o
 *(.fini)
 .fini          0x00000000000012a4        0x4 d:/microsemi/softconsole_v5.3/arm-none-eabi-gcc/bin/../lib/gcc/arm-none-eabi/7.2.1/thumb/v7-m/crti.o
                0x00000000000012a4                _fini
 .fini          0x00000000000012a8        0x8 d:/microsemi/softconsole_v5.3/arm-none-eabi-gcc/bin/../lib/gcc/arm-none-eabi/7.2.1/thumb/v7-m/crtn.o
                0x00000000000012b0                PROVIDE (__preinit_array_start, .)
 *(.preinit_array)
                0x00000000000012b0                PROVIDE (__preinit_array_end, .)
                0x00000000000012b0                PROVIDE (__init_array_start, .)
 *(SORT_BY_NAME(.init_array.*))
 *(.init_array)
 .init_array    0x00000000000012b0        0x4 d:/microsemi/softconsole_v5.3/arm-none-eabi-gcc/bin/../lib/gcc/arm-none-eabi/7.2.1/thumb/v7-m/crtbegin.o
                0x00000000000012b4                PROVIDE (__init_array_end, .)
                [!provide]                        PROVIDE (__fini_array_start, .)
 *(.fini_array)
 .fini_array    0x00000000000012b4        0x4 d:/microsemi/softconsole_v5.3/arm-none-eabi-gcc/bin/../lib/gcc/arm-none-eabi/7.2.1/thumb/v7-m/crtbegin.o
 *(SORT_BY_NAME(.fini_array.*))
                [!provide]                        PROVIDE (__fini_array_end, .)
                0x00000000000012c0                . = ALIGN (0x10)
 *fill*         0x00000000000012b8        0x8 
                0x00000000000012c0                __exidx_start = .

.v4_bx          0x00000000000012c0        0x0
 .v4_bx         0x00000000000012c0        0x0 linker stubs

.iplt           0x00000000000012c0        0x0
 .iplt          0x00000000000012c0        0x0 d:/microsemi/softconsole_v5.3/arm-none-eabi-gcc/bin/../lib/gcc/arm-none-eabi/7.2.1/thumb/v7-m/crtbegin.o

.rel.dyn        0x00000000000012c0        0x0
 .rel.iplt      0x00000000000012c0        0x0 d:/microsemi/softconsole_v5.3/arm-none-eabi-gcc/bin/../lib/gcc/arm-none-eabi/7.2.1/thumb/v7-m/crtbegin.o

.ARM.exidx
 *(.ARM.exidx* .gnu.linkonce.armexidx.*)
                0x00000000000012c0                __exidx_end = .
                0x00000000000012c0                _etext = .

.data           0x0000000020010000       0x20 load address 0x00000000000012c0
                0x00000000000012c0                __data_load = LOADADDR (.data)
                0x00000000000012c0                _sidata = LOADADDR (.data)
                0x0000000020010000                __data_start = .
                0x0000000020010000                _sdata = .
 *(.jcr)
 *(.got.plt)
 *(.got)
 *(.shdata)
 *(.data .data.* .gnu.linkonce.d.*)
 .data.SystemCoreClock
                0x0000000020010000        0x4 ./CMSIS/system_m2sxxx.o
                0x0000000020010000                SystemCoreClock
 .data.g_FrequencyFIC0
                0x0000000020010004        0x4 ./CMSIS/system_m2sxxx.o
                0x0000000020010004                g_FrequencyFIC0
 .data.g_FrequencyFIC1
                0x0000000020010008        0x4 ./CMSIS/system_m2sxxx.o
                0x0000000020010008                g_FrequencyFIC1
 .data.g_FrequencyFIC64
                0x000000002001000c        0x4 ./CMSIS/system_m2sxxx.o
                0x000000002001000c                g_FrequencyFIC64
 .data.g_FrequencyPCLK0
                0x0000000020010010        0x4 ./CMSIS/system_m2sxxx.o
                0x0000000020010010                g_FrequencyPCLK0
 .data.g_FrequencyPCLK1
                0x0000000020010014        0x4 ./CMSIS/system_m2sxxx.o
                0x0000000020010014                g_FrequencyPCLK1
 .data.g_FrequencyPCLK2
                0x0000000020010018        0x4 ./CMSIS/system_m2sxxx.o
                0x0000000020010018                g_FrequencyPCLK2
                0x0000000020010020                . = ALIGN (0x10)
 *fill*         0x000000002001001c        0x4 
                0x0000000020010020                _edata = .

.tm_clone_table
                0x0000000020010020        0x0 load address 0x00000000000012e0
 .tm_clone_table
                0x0000000020010020        0x0 d:/microsemi/softconsole_v5.3/arm-none-eabi-gcc/bin/../lib/gcc/arm-none-eabi/7.2.1/thumb/v7-m/crtbegin.o
 .tm_clone_table
                0x0000000020010020        0x0 d:/microsemi/softconsole_v5.3/arm-none-eabi-gcc/bin/../lib/gcc/arm-none-eabi/7.2.1/thumb/v7-m/crtend.o

.igot.plt       0x0000000020010020        0x0 load address 0x00000000000012e0
 .igot.plt      0x0000000020010020        0x0 d:/microsemi/softconsole_v5.3/arm-none-eabi-gcc/bin/../lib/gcc/arm-none-eabi/7.2.1/thumb/v7-m/crtbegin.o

.bss            0x0000000020010020       0xd0 load address 0x00000000000012e0
                0x0000000020010020                __bss_start__ = .
                0x0000000020010020                _sbss = .
 *(.shbss)
 *(.bss .bss.* .gnu.linkonce.b.*)
 .bss.completed.6485
                0x0000000020010020        0x1 d:/microsemi/softconsole_v5.3/arm-none-eabi-gcc/bin/../lib/gcc/arm-none-eabi/7.2.1/thumb/v7-m/crtbegin.o
 *fill*         0x0000000020010021        0x3 
 .bss.object.6490
                0x0000000020010024       0x18 d:/microsemi/softconsole_v5.3/arm-none-eabi-gcc/bin/../lib/gcc/arm-none-eabi/7.2.1/thumb/v7-m/crtbegin.o
 .bss.g_async_event_handler
                0x000000002001003c        0x4 ./drivers/mss_sys_services/mss_comblk.o
 .bss.g_comblk_cmd_opcode
                0x0000000020010040        0x1 ./drivers/mss_sys_services/mss_comblk.o
 *fill*         0x0000000020010041        0x1 
 .bss.g_comblk_cmd_size
                0x0000000020010042        0x2 ./drivers/mss_sys_services/mss_comblk.o
 .bss.g_comblk_completion_handler
                0x0000000020010044        0x4 ./drivers/mss_sys_services/mss_comblk.o
 .bss.g_comblk_data_size
                0x0000000020010048        0x4 ./drivers/mss_sys_services/mss_comblk.o
 .bss.g_comblk_p_cmd
                0x000000002001004c        0x4 ./drivers/mss_sys_services/mss_comblk.o
 .bss.g_comblk_p_data
                0x0000000020010050        0x4 ./drivers/mss_sys_services/mss_comblk.o
 .bss.g_comblk_p_response
                0x0000000020010054        0x4 ./drivers/mss_sys_services/mss_comblk.o
 .bss.g_comblk_page_handler
                0x0000000020010058        0x4 ./drivers/mss_sys_services/mss_comblk.o
 .bss.g_comblk_response_idx
                0x000000002001005c        0x2 ./drivers/mss_sys_services/mss_comblk.o
 .bss.g_comblk_response_size
                0x000000002001005e        0x2 ./drivers/mss_sys_services/mss_comblk.o
 .bss.g_comblk_state
                0x0000000020010060        0x1 ./drivers/mss_sys_services/mss_comblk.o
 .bss.g_request_in_progress
                0x0000000020010061        0x1 ./drivers/mss_sys_services/mss_comblk.o
 *(COMMON)
 *fill*         0x0000000020010062        0x2 
 COMMON         0x0000000020010064       0x80 ./drivers/mss_uart/mss_uart.o
                0x0000000020010064                g_mss_uart1
                0x00000000200100a4                g_mss_uart0
                0x00000000200100f0                . = ALIGN (0x10)
 *fill*         0x00000000200100e4        0xc 
                0x00000000200100f0                __bss_end__ = .
                0x00000000200100f0                _end = .
                0x00000000200100f0                __end = _end
                0x00000000200100f0                _ebss = .
                [!provide]                        PROVIDE (end, .)

.heap           0x00000000200100f0     0x2f10 load address 0x00000000000012e0
                0x00000000200100f0                __heap_start__ = .
                0x00000000200110f0                . = (. + MIN_SIZE_HEAP)
 *fill*         0x00000000200100f0     0x1000 
                0x0000000020013000                . = (. + (((ABSOLUTE (RAM_START_ADDRESS) + RAM_SIZE) - MAIN_STACK_SIZE) - .))
 *fill*         0x00000000200110f0     0x1f10 
                0x0000000020013000                _eheap = .

.stack          0x0000000020013000     0x1000 load address 0x00000000000012e0
                0x0000000020013000                __stack_start__ = .
                0x0000000020014000                . = (. + MAIN_STACK_SIZE)
 *fill*         0x0000000020013000     0x1000 
                0x0000000020014000                _estack = .

.stab
 *(.stab)

.stabstr
 *(.stabstr)

.debug
 *(.debug)

.line
 *(.line)

.debug_srcinfo
 *(.debug_srcinfo)

.debug_sfnames
 *(.debug_sfnames)

.debug_aranges  0x0000000000000000      0x308
 *(.debug_aranges)
 .debug_aranges
                0x0000000000000000      0x1c0 ./drivers/mss_uart/mss_uart.o
 .debug_aranges
                0x00000000000001c0       0x68 ./drivers/mss_sys_services/mss_comblk.o
 .debug_aranges
                0x0000000000000228       0x50 ./drivers/mss_gpio/mss_gpio.o
 .debug_aranges
                0x0000000000000278       0x20 ./CMSIS/startup_gcc/startup_m2sxxx.o
 .debug_aranges
                0x0000000000000298       0x30 ./CMSIS/system_m2sxxx.o
 .debug_aranges
                0x00000000000002c8       0x40 ./main.o

.debug_pubnames
 *(.debug_pubnames)

.debug_info     0x0000000000000000     0x5c7c
 *(.debug_info .gnu.linkonce.wi.*)
 .debug_info    0x0000000000000000     0x2556 ./drivers/mss_uart/mss_uart.o
 .debug_info    0x0000000000002556      0xd8f ./drivers/mss_sys_services/mss_comblk.o
 .debug_info    0x00000000000032e5     0x102e ./drivers/mss_gpio/mss_gpio.o
 .debug_info    0x0000000000004313       0x26 ./CMSIS/startup_gcc/startup_m2sxxx.o
 .debug_info    0x0000000000004339      0xb2b ./CMSIS/system_m2sxxx.o
 .debug_info    0x0000000000004e64      0xe18 ./main.o

.debug_abbrev   0x0000000000000000      0xe03
 *(.debug_abbrev)
 .debug_abbrev  0x0000000000000000      0x3d5 ./drivers/mss_uart/mss_uart.o
 .debug_abbrev  0x00000000000003d5      0x32d ./drivers/mss_sys_services/mss_comblk.o
 .debug_abbrev  0x0000000000000702      0x216 ./drivers/mss_gpio/mss_gpio.o
 .debug_abbrev  0x0000000000000918       0x14 ./CMSIS/startup_gcc/startup_m2sxxx.o
 .debug_abbrev  0x000000000000092c      0x1e8 ./CMSIS/system_m2sxxx.o
 .debug_abbrev  0x0000000000000b14      0x2ef ./main.o

.debug_line     0x0000000000000000     0x20d5
 *(.debug_line)
 .debug_line    0x0000000000000000      0xdf6 ./drivers/mss_uart/mss_uart.o
 .debug_line    0x0000000000000df6      0x608 ./drivers/mss_sys_services/mss_comblk.o
 .debug_line    0x00000000000013fe      0x420 ./drivers/mss_gpio/mss_gpio.o
 .debug_line    0x000000000000181e      0x18e ./CMSIS/startup_gcc/startup_m2sxxx.o
 .debug_line    0x00000000000019ac      0x332 ./CMSIS/system_m2sxxx.o
 .debug_line    0x0000000000001cde      0x3f7 ./main.o

.debug_frame    0x0000000000000000      0x7f0
 *(.debug_frame)
 .debug_frame   0x0000000000000000      0x4ec ./drivers/mss_uart/mss_uart.o
 .debug_frame   0x00000000000004ec      0x144 ./drivers/mss_sys_services/mss_comblk.o
 .debug_frame   0x0000000000000630       0x90 ./drivers/mss_gpio/mss_gpio.o
 .debug_frame   0x00000000000006c0       0x50 ./CMSIS/system_m2sxxx.o
 .debug_frame   0x0000000000000710       0x8c ./main.o
 .debug_frame   0x000000000000079c       0x2c d:/microsemi/softconsole_v5.3/arm-none-eabi-gcc/bin/../lib/gcc/arm-none-eabi/7.2.1/../../../../arm-none-eabi/lib/thumb/v7-m\libg_nano.a(lib_a-init.o)
 .debug_frame   0x00000000000007c8       0x28 d:/microsemi/softconsole_v5.3/arm-none-eabi-gcc/bin/../lib/gcc/arm-none-eabi/7.2.1/../../../../arm-none-eabi/lib/thumb/v7-m\libg_nano.a(lib_a-memcpy-stub.o)

.debug_str      0x0000000000000000     0xd51d
 *(.debug_str)
 .debug_str     0x0000000000000000     0xbbc4 ./drivers/mss_uart/mss_uart.o
                                       0xbe99 (size before relaxing)
 .debug_str     0x000000000000bbc4      0x4e0 ./drivers/mss_sys_services/mss_comblk.o
                                       0xa25b (size before relaxing)
 .debug_str     0x000000000000c0a4      0x9e1 ./drivers/mss_gpio/mss_gpio.o
                                       0xadc9 (size before relaxing)
 .debug_str     0x000000000000ca85       0x35 ./CMSIS/startup_gcc/startup_m2sxxx.o
                                         0x68 (size before relaxing)
 .debug_str     0x000000000000caba      0x78c ./CMSIS/system_m2sxxx.o
                                       0xa0dc (size before relaxing)
 .debug_str     0x000000000000d246      0x2d7 ./main.o
                                       0xae46 (size before relaxing)

.debug_loc      0x0000000000000000     0x20b5
 *(.debug_loc)
 .debug_loc     0x0000000000000000     0x1487 ./drivers/mss_uart/mss_uart.o
 .debug_loc     0x0000000000001487      0x704 ./drivers/mss_sys_services/mss_comblk.o
 .debug_loc     0x0000000000001b8b      0x262 ./drivers/mss_gpio/mss_gpio.o
 .debug_loc     0x0000000000001ded       0x9d ./CMSIS/system_m2sxxx.o
 .debug_loc     0x0000000000001e8a      0x22b ./main.o

.debug_macinfo
 *(.debug_macinfo)

.debug_weaknames
 *(.debug_weaknames)

.debug_funcnames
 *(.debug_funcnames)

.debug_typenames
 *(.debug_typenames)

.debug_varnames
 *(.debug_varnames)

.note.gnu.arm.ident
 *(.note.gnu.arm.ident)

.ARM.attributes
                0x0000000000000000       0x29
 *(.ARM.attributes)
 .ARM.attributes
                0x0000000000000000       0x1d d:/microsemi/softconsole_v5.3/arm-none-eabi-gcc/bin/../lib/gcc/arm-none-eabi/7.2.1/thumb/v7-m/crti.o
 .ARM.attributes
                0x000000000000001d       0x2d d:/microsemi/softconsole_v5.3/arm-none-eabi-gcc/bin/../lib/gcc/arm-none-eabi/7.2.1/thumb/v7-m/crtbegin.o
 .ARM.attributes
                0x000000000000004a       0x1b d:/microsemi/softconsole_v5.3/arm-none-eabi-gcc/bin/../lib/gcc/arm-none-eabi/7.2.1/../../../../arm-none-eabi/lib/thumb/v7-m/crt0.o
 .ARM.attributes
                0x0000000000000065       0x21 ./hal/CortexM3/GNU/hal.o
 .ARM.attributes
                0x0000000000000086       0x21 ./hal/CortexM3/GNU/hw_reg_access.o
 .ARM.attributes
                0x00000000000000a7       0x33 ./hal/CortexM3/cortex_nvic.o
 .ARM.attributes
                0x00000000000000da       0x33 ./drivers_config/sys_config/sys_config.o
 .ARM.attributes
                0x000000000000010d       0x33 ./drivers/mss_uart/mss_uart.o
 .ARM.attributes
                0x0000000000000140       0x33 ./drivers/mss_sys_services/mss_comblk.o
 .ARM.attributes
                0x0000000000000173       0x33 ./drivers/mss_sys_services/mss_sys_services.o
 .ARM.attributes
                0x00000000000001a6       0x33 ./drivers/mss_gpio/mss_gpio.o
 .ARM.attributes
                0x00000000000001d9       0x33 ./CMSIS/startup_gcc/newlib_stubs.o
 .ARM.attributes
                0x000000000000020c       0x21 ./CMSIS/startup_gcc/startup_m2sxxx.o
 .ARM.attributes
                0x000000000000022d       0x33 ./CMSIS/system_m2sxxx.o
 .ARM.attributes
                0x0000000000000260       0x33 ./main.o
 .ARM.attributes
                0x0000000000000293       0x2d d:/microsemi/softconsole_v5.3/arm-none-eabi-gcc/bin/../lib/gcc/arm-none-eabi/7.2.1/../../../../arm-none-eabi/lib/thumb/v7-m\libg_nano.a(lib_a-errno.o)
 .ARM.attributes
                0x00000000000002c0       0x2d d:/microsemi/softconsole_v5.3/arm-none-eabi-gcc/bin/../lib/gcc/arm-none-eabi/7.2.1/../../../../arm-none-eabi/lib/thumb/v7-m\libg_nano.a(lib_a-exit.o)
 .ARM.attributes
                0x00000000000002ed       0x2d d:/microsemi/softconsole_v5.3/arm-none-eabi-gcc/bin/../lib/gcc/arm-none-eabi/7.2.1/../../../../arm-none-eabi/lib/thumb/v7-m\libg_nano.a(lib_a-impure.o)
 .ARM.attributes
                0x000000000000031a       0x2d d:/microsemi/softconsole_v5.3/arm-none-eabi-gcc/bin/../lib/gcc/arm-none-eabi/7.2.1/../../../../arm-none-eabi/lib/thumb/v7-m\libg_nano.a(lib_a-init.o)
 .ARM.attributes
                0x0000000000000347       0x2d d:/microsemi/softconsole_v5.3/arm-none-eabi-gcc/bin/../lib/gcc/arm-none-eabi/7.2.1/../../../../arm-none-eabi/lib/thumb/v7-m\libg_nano.a(lib_a-memcpy-stub.o)
 .ARM.attributes
                0x0000000000000374       0x2d d:/microsemi/softconsole_v5.3/arm-none-eabi-gcc/bin/../lib/gcc/arm-none-eabi/7.2.1/../../../../arm-none-eabi/lib/thumb/v7-m\libg_nano.a(lib_a-memset.o)
 .ARM.attributes
                0x00000000000003a1       0x2d d:/microsemi/softconsole_v5.3/arm-none-eabi-gcc/bin/../lib/gcc/arm-none-eabi/7.2.1/thumb/v7-m/crtend.o
 .ARM.attributes
                0x00000000000003ce       0x1d d:/microsemi/softconsole_v5.3/arm-none-eabi-gcc/bin/../lib/gcc/arm-none-eabi/7.2.1/thumb/v7-m/crtn.o

/DISCARD/
 *(.note.GNU-stack)
OUTPUT(Assisted_Boot.elf elf32-littlearm)

.debug_ranges   0x0000000000000000      0x4b8
 .debug_ranges  0x0000000000000000      0x248 ./drivers/mss_uart/mss_uart.o
 .debug_ranges  0x0000000000000248      0x148 ./drivers/mss_sys_services/mss_comblk.o
 .debug_ranges  0x0000000000000390       0x78 ./drivers/mss_gpio/mss_gpio.o
 .debug_ranges  0x0000000000000408       0x50 ./CMSIS/system_m2sxxx.o
 .debug_ranges  0x0000000000000458       0x60 ./main.o

.debug_macro    0x0000000000000000      0xb69
 .debug_macro   0x0000000000000000      0x185 ./drivers/mss_uart/mss_uart.o
 .debug_macro   0x0000000000000185      0x174 ./drivers/mss_uart/mss_uart.o
 .debug_macro   0x00000000000002f9      0x177 ./drivers/mss_uart/mss_uart.o
 .debug_macro   0x0000000000000470       0xe2 ./drivers/mss_uart/mss_uart.o
 .debug_macro   0x0000000000000552       0x22 ./drivers/mss_uart/mss_uart.o
 .debug_macro   0x0000000000000574      0x168 ./drivers/mss_sys_services/mss_comblk.o
 .debug_macro   0x00000000000006dc      0x10f ./drivers/mss_gpio/mss_gpio.o
 .debug_macro   0x00000000000007eb      0x11c ./drivers/mss_gpio/mss_gpio.o
 .debug_macro   0x0000000000000907      0x173 ./CMSIS/system_m2sxxx.o
 .debug_macro   0x0000000000000a7a       0xef ./main.o

.comment        0x0000000000000000       0x72
 .comment       0x0000000000000000       0x72 ./drivers/mss_uart/mss_uart.o
                                         0x73 (size before relaxing)
 .comment       0x0000000000000072       0x73 ./drivers/mss_sys_services/mss_comblk.o
 .comment       0x0000000000000072       0x73 ./drivers/mss_gpio/mss_gpio.o
 .comment       0x0000000000000072       0x73 ./CMSIS/system_m2sxxx.o
 .comment       0x0000000000000072       0x73 ./main.o
